-- Found ament_index_cpp: 1.8.1 (/opt/ros/jazzy/share/ament_index_cpp/cmake)
-- Found ament_cmake: 2.5.4 (/opt/ros/jazzy/share/ament_cmake/cmake)
-- Override CMake install command with custom implementation using symlinks instead of copying resources
-- Found rclcpp: 28.1.13 (/opt/ros/jazzy/share/rclcpp/cmake)
-- Found rosidl_generator_c: 4.6.6 (/opt/ros/jazzy/share/rosidl_generator_c/cmake)
-- Found rosidl_generator_cpp: 4.6.6 (/opt/ros/jazzy/share/rosidl_generator_cpp/cmake)
-- Using all available rosidl_typesupport_c: rosidl_typesupport_fastrtps_c;rosidl_typesupport_introspection_c
-- Using all available rosidl_typesupport_cpp: rosidl_typesupport_fastrtps_cpp;rosidl_typesupport_introspection_cpp
-- Found rmw_implementation_cmake: 7.3.2 (/opt/ros/jazzy/share/rmw_implementation_cmake/cmake)
-- Found rmw_fastrtps_cpp: 8.4.3 (/opt/ros/jazzy/share/rmw_fastrtps_cpp/cmake)
-- Using RMW implementation 'rmw_fastrtps_cpp' as default
-- Found sensor_msgs: 5.3.6 (/opt/ros/jazzy/share/sensor_msgs/cmake)
-- Configuring done (1.2s)
-- Generating done (0.0s)
-- Build files have been written to: /home/har/Documents/Auto_drive/SR75/x86-c/build/steering_can
[ 50%] [32mBuilding CXX object CMakeFiles/steering_can_node.dir/main.cpp.o[0m
[100%] [32m[1mLinking CXX executable steering_can_node[0m
[100%] Built target steering_can_node
-- Install configuration: ""
-- Execute custom install script
-- Up-to-date symlink: /home/har/Documents/Auto_drive/SR75/x86-c/install/steering_can/lib/steering_can/steering_can_node
-- Symlinking: /home/har/Documents/Auto_drive/SR75/x86-c/install/steering_can/share/steering_can/config/can_config.yaml
-- Up-to-date symlink: /home/har/Documents/Auto_drive/SR75/x86-c/install/steering_can/lib/steering_can/libcontrolcanfd.so
-- Up-to-date symlink: /home/har/Documents/Auto_drive/SR75/x86-c/install/steering_can/share/ament_index/resource_index/package_run_dependencies/steering_can
-- Up-to-date symlink: /home/har/Documents/Auto_drive/SR75/x86-c/install/steering_can/share/ament_index/resource_index/parent_prefix_path/steering_can
-- Up-to-date symlink: /home/har/Documents/Auto_drive/SR75/x86-c/install/steering_can/share/steering_can/environment/ament_prefix_path.sh
-- Up-to-date symlink: /home/har/Documents/Auto_drive/SR75/x86-c/install/steering_can/share/steering_can/environment/ament_prefix_path.dsv
-- Up-to-date symlink: /home/har/Documents/Auto_drive/SR75/x86-c/install/steering_can/share/steering_can/environment/path.sh
-- Up-to-date symlink: /home/har/Documents/Auto_drive/SR75/x86-c/install/steering_can/share/steering_can/environment/path.dsv
-- Up-to-date symlink: /home/har/Documents/Auto_drive/SR75/x86-c/install/steering_can/share/steering_can/local_setup.bash
-- Up-to-date symlink: /home/har/Documents/Auto_drive/SR75/x86-c/install/steering_can/share/steering_can/local_setup.sh
-- Up-to-date symlink: /home/har/Documents/Auto_drive/SR75/x86-c/install/steering_can/share/steering_can/local_setup.zsh
-- Up-to-date symlink: /home/har/Documents/Auto_drive/SR75/x86-c/install/steering_can/share/steering_can/local_setup.dsv
-- Symlinking: /home/har/Documents/Auto_drive/SR75/x86-c/install/steering_can/share/steering_can/package.dsv
-- Up-to-date symlink: /home/har/Documents/Auto_drive/SR75/x86-c/install/steering_can/share/ament_index/resource_index/packages/steering_can
-- Up-to-date symlink: /home/har/Documents/Auto_drive/SR75/x86-c/install/steering_can/share/steering_can/cmake/steering_canConfig.cmake
-- Up-to-date symlink: /home/har/Documents/Auto_drive/SR75/x86-c/install/steering_can/share/steering_can/cmake/steering_canConfig-version.cmake
-- Up-to-date symlink: /home/har/Documents/Auto_drive/SR75/x86-c/install/steering_can/share/steering_can/package.xml
