[0.037s] Invoking command in '/home/har/Documents/Auto_drive/SR75/x86-c/build/steering_can': CMAKE_PREFIX_PATH=${CMAKE_PREFIX_PATH}:/home/har/Documents/Auto_drive/SR75/x86-c/install/vehicle_interface:/home/har/Documents/Auto_drive/SR75/x86-c/install/steering_can:/home/har/Documents/Auto_drive/SR75/x86-c/install/joystick_control:/home/har/Documents/VNAV/lab4/install/trajectory_generation:/home/har/Documents/VNAV/lab4/install/tesse_ros_bridge:/home/har/Documents/VNAV/lab4/install/tesse_msgs:/home/har/Documents/VNAV/lab4/install/planner_pkg:/home/har/Documents/VNAV/lab4/install/mav_trajectory_generation:/home/har/Documents/VNAV/lab4/install/mav_comm:/home/har/Documents/VNAV/lab4/install/mav_system_msgs:/home/har/Documents/VNAV/lab4/install/mav_state_machine_msgs:/home/har/Documents/VNAV/lab4/install/mav_planning_msgs:/home/har/Documents/VNAV/lab4/install/controller_pkg:/home/har/Documents/VNAV/lab4/install/mav_msgs:/home/har/Documents/VNAV/lab3/install/two_drones_pkg:/home/har/Documents/VNAV/lab3/install/tesse_ros_bridge:/home/har/Documents/VNAV/lab3/install/tesse_msgs:/home/har/Documents/VNAV/lab3/install/mav_comm:/home/har/Documents/VNAV/lab3/install/mav_system_msgs:/home/har/Documents/VNAV/lab3/install/mav_state_machine_msgs:/home/har/Documents/VNAV/lab3/install/mav_planning_msgs:/home/har/Documents/VNAV/lab3/install/controller_pkg:/home/har/Documents/VNAV/lab3/install/mav_msgs:/opt/ros/jazzy DEBUGINFOD_URLS=https://debuginfod.ubuntu.com /usr/local/bin/cmake --build /home/har/Documents/Auto_drive/SR75/x86-c/build/steering_can -- -j16 -l16
[0.078s] -- Found ament_index_cpp: 1.8.1 (/opt/ros/jazzy/share/ament_index_cpp/cmake)
[0.086s] -- Found ament_cmake: 2.5.4 (/opt/ros/jazzy/share/ament_cmake/cmake)
[0.562s] -- Override CMake install command with custom implementation using symlinks instead of copying resources
[0.586s] -- Found rclcpp: 28.1.13 (/opt/ros/jazzy/share/rclcpp/cmake)
[0.646s] -- Found rosidl_generator_c: 4.6.6 (/opt/ros/jazzy/share/rosidl_generator_c/cmake)
[0.660s] -- Found rosidl_generator_cpp: 4.6.6 (/opt/ros/jazzy/share/rosidl_generator_cpp/cmake)
[0.679s] -- Using all available rosidl_typesupport_c: rosidl_typesupport_fastrtps_c;rosidl_typesupport_introspection_c
[0.702s] -- Using all available rosidl_typesupport_cpp: rosidl_typesupport_fastrtps_cpp;rosidl_typesupport_introspection_cpp
[0.803s] -- Found rmw_implementation_cmake: 7.3.2 (/opt/ros/jazzy/share/rmw_implementation_cmake/cmake)
[0.806s] -- Found rmw_fastrtps_cpp: 8.4.3 (/opt/ros/jazzy/share/rmw_fastrtps_cpp/cmake)
[0.925s] -- Using RMW implementation 'rmw_fastrtps_cpp' as default
[1.029s] -- Found sensor_msgs: 5.3.6 (/opt/ros/jazzy/share/sensor_msgs/cmake)
[1.313s] -- Configuring done (1.2s)
[1.336s] -- Generating done (0.0s)
[1.342s] -- Build files have been written to: /home/har/Documents/Auto_drive/SR75/x86-c/build/steering_can
[1.408s] [ 50%] [32mBuilding CXX object CMakeFiles/steering_can_node.dir/main.cpp.o[0m
[3.232s] [100%] [32m[1mLinking CXX executable steering_can_node[0m
[3.427s] [100%] Built target steering_can_node
[3.442s] Invoked command in '/home/har/Documents/Auto_drive/SR75/x86-c/build/steering_can' returned '0': CMAKE_PREFIX_PATH=${CMAKE_PREFIX_PATH}:/home/har/Documents/Auto_drive/SR75/x86-c/install/vehicle_interface:/home/har/Documents/Auto_drive/SR75/x86-c/install/steering_can:/home/har/Documents/Auto_drive/SR75/x86-c/install/joystick_control:/home/har/Documents/VNAV/lab4/install/trajectory_generation:/home/har/Documents/VNAV/lab4/install/tesse_ros_bridge:/home/har/Documents/VNAV/lab4/install/tesse_msgs:/home/har/Documents/VNAV/lab4/install/planner_pkg:/home/har/Documents/VNAV/lab4/install/mav_trajectory_generation:/home/har/Documents/VNAV/lab4/install/mav_comm:/home/har/Documents/VNAV/lab4/install/mav_system_msgs:/home/har/Documents/VNAV/lab4/install/mav_state_machine_msgs:/home/har/Documents/VNAV/lab4/install/mav_planning_msgs:/home/har/Documents/VNAV/lab4/install/controller_pkg:/home/har/Documents/VNAV/lab4/install/mav_msgs:/home/har/Documents/VNAV/lab3/install/two_drones_pkg:/home/har/Documents/VNAV/lab3/install/tesse_ros_bridge:/home/har/Documents/VNAV/lab3/install/tesse_msgs:/home/har/Documents/VNAV/lab3/install/mav_comm:/home/har/Documents/VNAV/lab3/install/mav_system_msgs:/home/har/Documents/VNAV/lab3/install/mav_state_machine_msgs:/home/har/Documents/VNAV/lab3/install/mav_planning_msgs:/home/har/Documents/VNAV/lab3/install/controller_pkg:/home/har/Documents/VNAV/lab3/install/mav_msgs:/opt/ros/jazzy DEBUGINFOD_URLS=https://debuginfod.ubuntu.com /usr/local/bin/cmake --build /home/har/Documents/Auto_drive/SR75/x86-c/build/steering_can -- -j16 -l16
[3.443s] Invoking command in '/home/har/Documents/Auto_drive/SR75/x86-c/build/steering_can': CMAKE_PREFIX_PATH=${CMAKE_PREFIX_PATH}:/home/har/Documents/Auto_drive/SR75/x86-c/install/vehicle_interface:/home/har/Documents/Auto_drive/SR75/x86-c/install/steering_can:/home/har/Documents/Auto_drive/SR75/x86-c/install/joystick_control:/home/har/Documents/VNAV/lab4/install/trajectory_generation:/home/har/Documents/VNAV/lab4/install/tesse_ros_bridge:/home/har/Documents/VNAV/lab4/install/tesse_msgs:/home/har/Documents/VNAV/lab4/install/planner_pkg:/home/har/Documents/VNAV/lab4/install/mav_trajectory_generation:/home/har/Documents/VNAV/lab4/install/mav_comm:/home/har/Documents/VNAV/lab4/install/mav_system_msgs:/home/har/Documents/VNAV/lab4/install/mav_state_machine_msgs:/home/har/Documents/VNAV/lab4/install/mav_planning_msgs:/home/har/Documents/VNAV/lab4/install/controller_pkg:/home/har/Documents/VNAV/lab4/install/mav_msgs:/home/har/Documents/VNAV/lab3/install/two_drones_pkg:/home/har/Documents/VNAV/lab3/install/tesse_ros_bridge:/home/har/Documents/VNAV/lab3/install/tesse_msgs:/home/har/Documents/VNAV/lab3/install/mav_comm:/home/har/Documents/VNAV/lab3/install/mav_system_msgs:/home/har/Documents/VNAV/lab3/install/mav_state_machine_msgs:/home/har/Documents/VNAV/lab3/install/mav_planning_msgs:/home/har/Documents/VNAV/lab3/install/controller_pkg:/home/har/Documents/VNAV/lab3/install/mav_msgs:/opt/ros/jazzy DEBUGINFOD_URLS=https://debuginfod.ubuntu.com /usr/local/bin/cmake --install /home/har/Documents/Auto_drive/SR75/x86-c/build/steering_can
[3.453s] -- Install configuration: ""
[3.455s] -- Execute custom install script
[3.456s] -- Up-to-date symlink: /home/har/Documents/Auto_drive/SR75/x86-c/install/steering_can/lib/steering_can/steering_can_node
[3.457s] -- Symlinking: /home/har/Documents/Auto_drive/SR75/x86-c/install/steering_can/share/steering_can/config/can_config.yaml
[3.469s] -- Up-to-date symlink: /home/har/Documents/Auto_drive/SR75/x86-c/install/steering_can/lib/steering_can/libcontrolcanfd.so
[3.470s] -- Up-to-date symlink: /home/har/Documents/Auto_drive/SR75/x86-c/install/steering_can/share/ament_index/resource_index/package_run_dependencies/steering_can
[3.470s] -- Up-to-date symlink: /home/har/Documents/Auto_drive/SR75/x86-c/install/steering_can/share/ament_index/resource_index/parent_prefix_path/steering_can
[3.471s] -- Up-to-date symlink: /home/har/Documents/Auto_drive/SR75/x86-c/install/steering_can/share/steering_can/environment/ament_prefix_path.sh
[3.472s] -- Up-to-date symlink: /home/har/Documents/Auto_drive/SR75/x86-c/install/steering_can/share/steering_can/environment/ament_prefix_path.dsv
[3.472s] -- Up-to-date symlink: /home/har/Documents/Auto_drive/SR75/x86-c/install/steering_can/share/steering_can/environment/path.sh
[3.473s] -- Up-to-date symlink: /home/har/Documents/Auto_drive/SR75/x86-c/install/steering_can/share/steering_can/environment/path.dsv
[3.473s] -- Up-to-date symlink: /home/har/Documents/Auto_drive/SR75/x86-c/install/steering_can/share/steering_can/local_setup.bash
[3.474s] -- Up-to-date symlink: /home/har/Documents/Auto_drive/SR75/x86-c/install/steering_can/share/steering_can/local_setup.sh
[3.474s] -- Up-to-date symlink: /home/har/Documents/Auto_drive/SR75/x86-c/install/steering_can/share/steering_can/local_setup.zsh
[3.475s] -- Up-to-date symlink: /home/har/Documents/Auto_drive/SR75/x86-c/install/steering_can/share/steering_can/local_setup.dsv
[3.475s] -- Symlinking: /home/har/Documents/Auto_drive/SR75/x86-c/install/steering_can/share/steering_can/package.dsv
[3.488s] -- Up-to-date symlink: /home/har/Documents/Auto_drive/SR75/x86-c/install/steering_can/share/ament_index/resource_index/packages/steering_can
[3.488s] -- Up-to-date symlink: /home/har/Documents/Auto_drive/SR75/x86-c/install/steering_can/share/steering_can/cmake/steering_canConfig.cmake
[3.489s] -- Up-to-date symlink: /home/har/Documents/Auto_drive/SR75/x86-c/install/steering_can/share/steering_can/cmake/steering_canConfig-version.cmake
[3.489s] -- Up-to-date symlink: /home/har/Documents/Auto_drive/SR75/x86-c/install/steering_can/share/steering_can/package.xml
[3.493s] Invoked command in '/home/har/Documents/Auto_drive/SR75/x86-c/build/steering_can' returned '0': CMAKE_PREFIX_PATH=${CMAKE_PREFIX_PATH}:/home/har/Documents/Auto_drive/SR75/x86-c/install/vehicle_interface:/home/har/Documents/Auto_drive/SR75/x86-c/install/steering_can:/home/har/Documents/Auto_drive/SR75/x86-c/install/joystick_control:/home/har/Documents/VNAV/lab4/install/trajectory_generation:/home/har/Documents/VNAV/lab4/install/tesse_ros_bridge:/home/har/Documents/VNAV/lab4/install/tesse_msgs:/home/har/Documents/VNAV/lab4/install/planner_pkg:/home/har/Documents/VNAV/lab4/install/mav_trajectory_generation:/home/har/Documents/VNAV/lab4/install/mav_comm:/home/har/Documents/VNAV/lab4/install/mav_system_msgs:/home/har/Documents/VNAV/lab4/install/mav_state_machine_msgs:/home/har/Documents/VNAV/lab4/install/mav_planning_msgs:/home/har/Documents/VNAV/lab4/install/controller_pkg:/home/har/Documents/VNAV/lab4/install/mav_msgs:/home/har/Documents/VNAV/lab3/install/two_drones_pkg:/home/har/Documents/VNAV/lab3/install/tesse_ros_bridge:/home/har/Documents/VNAV/lab3/install/tesse_msgs:/home/har/Documents/VNAV/lab3/install/mav_comm:/home/har/Documents/VNAV/lab3/install/mav_system_msgs:/home/har/Documents/VNAV/lab3/install/mav_state_machine_msgs:/home/har/Documents/VNAV/lab3/install/mav_planning_msgs:/home/har/Documents/VNAV/lab3/install/controller_pkg:/home/har/Documents/VNAV/lab3/install/mav_msgs:/opt/ros/jazzy DEBUGINFOD_URLS=https://debuginfod.ubuntu.com /usr/local/bin/cmake --install /home/har/Documents/Auto_drive/SR75/x86-c/build/steering_can
