[0.269s] DEBUG:colcon:Command line arguments: ['/usr/bin/colcon', 'build', '--symlink-install']
[0.269s] DEBUG:colcon:Parsed command line arguments: Namespace(log_base=None, log_level=None, verb_name='build', build_base='build', install_base='install', merge_install=False, symlink_install=True, test_result_base=None, continue_on_error=False, executor='parallel', parallel_workers=16, event_handlers=None, ignore_user_meta=False, metas=['./colcon.meta'], base_paths=['.'], packages_ignore=None, packages_ignore_regex=None, paths=None, packages_up_to=None, packages_up_to_regex=None, packages_above=None, packages_above_and_dependencies=None, packages_above_depth=None, packages_select_by_dep=None, packages_skip_by_dep=None, packages_skip_up_to=None, packages_select_build_failed=False, packages_skip_build_finished=False, packages_select_test_failures=False, packages_skip_test_passed=False, packages_select=None, packages_skip=None, packages_select_regex=None, packages_skip_regex=None, packages_start=None, packages_end=None, allow_overriding=[], cmake_args=None, cmake_target=None, cmake_target_skip_unavailable=False, cmake_clean_cache=False, cmake_clean_first=False, cmake_force_configure=False, ament_cmake_args=None, catkin_cmake_args=None, catkin_skip_building_tests=False, verb_parser=<colcon_defaults.argument_parser.defaults.DefaultArgumentsDecorator object at 0x7e4142a01d30>, verb_extension=<colcon_core.verb.build.BuildVerb object at 0x7e4142bb9eb0>, main=<bound method BuildVerb.main of <colcon_core.verb.build.BuildVerb object at 0x7e4142bb9eb0>>)
[0.309s] Level 1:colcon.colcon_core.package_discovery:discover_packages(colcon_meta) check parameters
[0.309s] Level 1:colcon.colcon_core.package_discovery:discover_packages(recursive) check parameters
[0.309s] Level 1:colcon.colcon_core.package_discovery:discover_packages(ignore) check parameters
[0.309s] Level 1:colcon.colcon_core.package_discovery:discover_packages(path) check parameters
[0.309s] Level 1:colcon.colcon_core.package_discovery:discover_packages(colcon_meta) discover
[0.309s] Level 1:colcon.colcon_core.package_discovery:discover_packages(recursive) discover
[0.309s] INFO:colcon.colcon_core.package_discovery:Crawling recursively for packages in '/home/har/Documents/Auto_drive/SR75/x86-c'
[0.309s] Level 1:colcon.colcon_core.package_identification:_identify(.) by extensions ['ignore', 'ignore_ament_install']
[0.309s] Level 1:colcon.colcon_core.package_identification:_identify(.) by extension 'ignore'
[0.309s] Level 1:colcon.colcon_core.package_identification:_identify(.) by extension 'ignore_ament_install'
[0.309s] Level 1:colcon.colcon_core.package_identification:_identify(.) by extensions ['colcon_pkg']
[0.309s] Level 1:colcon.colcon_core.package_identification:_identify(.) by extension 'colcon_pkg'
[0.309s] Level 1:colcon.colcon_core.package_identification:_identify(.) by extensions ['colcon_meta']
[0.309s] Level 1:colcon.colcon_core.package_identification:_identify(.) by extension 'colcon_meta'
[0.309s] Level 1:colcon.colcon_core.package_identification:_identify(.) by extensions ['ros']
[0.310s] Level 1:colcon.colcon_core.package_identification:_identify(.) by extension 'ros'
[0.336s] Level 1:colcon.colcon_core.package_identification:_identify(.) by extensions ['cmake', 'python']
[0.336s] Level 1:colcon.colcon_core.package_identification:_identify(.) by extension 'cmake'
[0.336s] Level 1:colcon.colcon_core.package_identification:_identify(.) by extension 'python'
[0.336s] Level 1:colcon.colcon_core.package_identification:_identify(.) by extensions ['python_setup_py']
[0.336s] Level 1:colcon.colcon_core.package_identification:_identify(.) by extension 'python_setup_py'
[0.336s] Level 1:colcon.colcon_core.package_identification:_identify(build) by extensions ['ignore', 'ignore_ament_install']
[0.336s] Level 1:colcon.colcon_core.package_identification:_identify(build) by extension 'ignore'
[0.336s] Level 1:colcon.colcon_core.package_identification:_identify(build) ignored
[0.337s] Level 1:colcon.colcon_core.package_identification:_identify(include) by extensions ['ignore', 'ignore_ament_install']
[0.337s] Level 1:colcon.colcon_core.package_identification:_identify(include) by extension 'ignore'
[0.337s] Level 1:colcon.colcon_core.package_identification:_identify(include) by extension 'ignore_ament_install'
[0.337s] Level 1:colcon.colcon_core.package_identification:_identify(include) by extensions ['colcon_pkg']
[0.337s] Level 1:colcon.colcon_core.package_identification:_identify(include) by extension 'colcon_pkg'
[0.337s] Level 1:colcon.colcon_core.package_identification:_identify(include) by extensions ['colcon_meta']
[0.337s] Level 1:colcon.colcon_core.package_identification:_identify(include) by extension 'colcon_meta'
[0.337s] Level 1:colcon.colcon_core.package_identification:_identify(include) by extensions ['ros']
[0.337s] Level 1:colcon.colcon_core.package_identification:_identify(include) by extension 'ros'
[0.337s] Level 1:colcon.colcon_core.package_identification:_identify(include) by extensions ['cmake', 'python']
[0.337s] Level 1:colcon.colcon_core.package_identification:_identify(include) by extension 'cmake'
[0.337s] Level 1:colcon.colcon_core.package_identification:_identify(include) by extension 'python'
[0.337s] Level 1:colcon.colcon_core.package_identification:_identify(include) by extensions ['python_setup_py']
[0.337s] Level 1:colcon.colcon_core.package_identification:_identify(include) by extension 'python_setup_py'
[0.337s] Level 1:colcon.colcon_core.package_identification:_identify(install) by extensions ['ignore', 'ignore_ament_install']
[0.337s] Level 1:colcon.colcon_core.package_identification:_identify(install) by extension 'ignore'
[0.337s] Level 1:colcon.colcon_core.package_identification:_identify(install) ignored
[0.337s] Level 1:colcon.colcon_core.package_identification:_identify(launch) by extensions ['ignore', 'ignore_ament_install']
[0.337s] Level 1:colcon.colcon_core.package_identification:_identify(launch) by extension 'ignore'
[0.337s] Level 1:colcon.colcon_core.package_identification:_identify(launch) by extension 'ignore_ament_install'
[0.337s] Level 1:colcon.colcon_core.package_identification:_identify(launch) by extensions ['colcon_pkg']
[0.338s] Level 1:colcon.colcon_core.package_identification:_identify(launch) by extension 'colcon_pkg'
[0.338s] Level 1:colcon.colcon_core.package_identification:_identify(launch) by extensions ['colcon_meta']
[0.338s] Level 1:colcon.colcon_core.package_identification:_identify(launch) by extension 'colcon_meta'
[0.338s] Level 1:colcon.colcon_core.package_identification:_identify(launch) by extensions ['ros']
[0.338s] Level 1:colcon.colcon_core.package_identification:_identify(launch) by extension 'ros'
[0.338s] Level 1:colcon.colcon_core.package_identification:_identify(launch) by extensions ['cmake', 'python']
[0.338s] Level 1:colcon.colcon_core.package_identification:_identify(launch) by extension 'cmake'
[0.338s] Level 1:colcon.colcon_core.package_identification:_identify(launch) by extension 'python'
[0.338s] Level 1:colcon.colcon_core.package_identification:_identify(launch) by extensions ['python_setup_py']
[0.338s] Level 1:colcon.colcon_core.package_identification:_identify(launch) by extension 'python_setup_py'
[0.338s] Level 1:colcon.colcon_core.package_identification:_identify(log) by extensions ['ignore', 'ignore_ament_install']
[0.338s] Level 1:colcon.colcon_core.package_identification:_identify(log) by extension 'ignore'
[0.338s] Level 1:colcon.colcon_core.package_identification:_identify(log) ignored
[0.338s] Level 1:colcon.colcon_core.package_identification:_identify(logs) by extensions ['ignore', 'ignore_ament_install']
[0.338s] Level 1:colcon.colcon_core.package_identification:_identify(logs) by extension 'ignore'
[0.338s] Level 1:colcon.colcon_core.package_identification:_identify(logs) by extension 'ignore_ament_install'
[0.338s] Level 1:colcon.colcon_core.package_identification:_identify(logs) by extensions ['colcon_pkg']
[0.338s] Level 1:colcon.colcon_core.package_identification:_identify(logs) by extension 'colcon_pkg'
[0.338s] Level 1:colcon.colcon_core.package_identification:_identify(logs) by extensions ['colcon_meta']
[0.338s] Level 1:colcon.colcon_core.package_identification:_identify(logs) by extension 'colcon_meta'
[0.338s] Level 1:colcon.colcon_core.package_identification:_identify(logs) by extensions ['ros']
[0.338s] Level 1:colcon.colcon_core.package_identification:_identify(logs) by extension 'ros'
[0.338s] Level 1:colcon.colcon_core.package_identification:_identify(logs) by extensions ['cmake', 'python']
[0.338s] Level 1:colcon.colcon_core.package_identification:_identify(logs) by extension 'cmake'
[0.338s] Level 1:colcon.colcon_core.package_identification:_identify(logs) by extension 'python'
[0.339s] Level 1:colcon.colcon_core.package_identification:_identify(logs) by extensions ['python_setup_py']
[0.339s] Level 1:colcon.colcon_core.package_identification:_identify(logs) by extension 'python_setup_py'
[0.339s] Level 1:colcon.colcon_core.package_identification:_identify(src) by extensions ['ignore', 'ignore_ament_install']
[0.339s] Level 1:colcon.colcon_core.package_identification:_identify(src) by extension 'ignore'
[0.339s] Level 1:colcon.colcon_core.package_identification:_identify(src) by extension 'ignore_ament_install'
[0.339s] Level 1:colcon.colcon_core.package_identification:_identify(src) by extensions ['colcon_pkg']
[0.339s] Level 1:colcon.colcon_core.package_identification:_identify(src) by extension 'colcon_pkg'
[0.339s] Level 1:colcon.colcon_core.package_identification:_identify(src) by extensions ['colcon_meta']
[0.339s] Level 1:colcon.colcon_core.package_identification:_identify(src) by extension 'colcon_meta'
[0.339s] Level 1:colcon.colcon_core.package_identification:_identify(src) by extensions ['ros']
[0.339s] Level 1:colcon.colcon_core.package_identification:_identify(src) by extension 'ros'
[0.339s] Level 1:colcon.colcon_core.package_identification:_identify(src) by extensions ['cmake', 'python']
[0.339s] Level 1:colcon.colcon_core.package_identification:_identify(src) by extension 'cmake'
[0.339s] Level 1:colcon.colcon_core.package_identification:_identify(src) by extension 'python'
[0.339s] Level 1:colcon.colcon_core.package_identification:_identify(src) by extensions ['python_setup_py']
[0.339s] Level 1:colcon.colcon_core.package_identification:_identify(src) by extension 'python_setup_py'
[0.339s] Level 1:colcon.colcon_core.package_identification:_identify(src/joystick) by extensions ['ignore', 'ignore_ament_install']
[0.339s] Level 1:colcon.colcon_core.package_identification:_identify(src/joystick) by extension 'ignore'
[0.339s] Level 1:colcon.colcon_core.package_identification:_identify(src/joystick) by extension 'ignore_ament_install'
[0.339s] Level 1:colcon.colcon_core.package_identification:_identify(src/joystick) by extensions ['colcon_pkg']
[0.339s] Level 1:colcon.colcon_core.package_identification:_identify(src/joystick) by extension 'colcon_pkg'
[0.339s] Level 1:colcon.colcon_core.package_identification:_identify(src/joystick) by extensions ['colcon_meta']
[0.339s] Level 1:colcon.colcon_core.package_identification:_identify(src/joystick) by extension 'colcon_meta'
[0.339s] Level 1:colcon.colcon_core.package_identification:_identify(src/joystick) by extensions ['ros']
[0.339s] Level 1:colcon.colcon_core.package_identification:_identify(src/joystick) by extension 'ros'
[0.343s] DEBUG:colcon.colcon_core.package_identification:Package 'src/joystick' with type 'ros.ament_cmake' and name 'joystick_control'
[0.343s] Level 1:colcon.colcon_core.package_identification:_identify(src/steering_can) by extensions ['ignore', 'ignore_ament_install']
[0.343s] Level 1:colcon.colcon_core.package_identification:_identify(src/steering_can) by extension 'ignore'
[0.343s] Level 1:colcon.colcon_core.package_identification:_identify(src/steering_can) by extension 'ignore_ament_install'
[0.343s] Level 1:colcon.colcon_core.package_identification:_identify(src/steering_can) by extensions ['colcon_pkg']
[0.343s] Level 1:colcon.colcon_core.package_identification:_identify(src/steering_can) by extension 'colcon_pkg'
[0.343s] Level 1:colcon.colcon_core.package_identification:_identify(src/steering_can) by extensions ['colcon_meta']
[0.343s] Level 1:colcon.colcon_core.package_identification:_identify(src/steering_can) by extension 'colcon_meta'
[0.343s] Level 1:colcon.colcon_core.package_identification:_identify(src/steering_can) by extensions ['ros']
[0.343s] Level 1:colcon.colcon_core.package_identification:_identify(src/steering_can) by extension 'ros'
[0.344s] DEBUG:colcon.colcon_core.package_identification:Package 'src/steering_can' with type 'ros.ament_cmake' and name 'steering_can'
[0.344s] Level 1:colcon.colcon_core.package_identification:_identify(src/vehicle_interface) by extensions ['ignore', 'ignore_ament_install']
[0.344s] Level 1:colcon.colcon_core.package_identification:_identify(src/vehicle_interface) by extension 'ignore'
[0.344s] Level 1:colcon.colcon_core.package_identification:_identify(src/vehicle_interface) by extension 'ignore_ament_install'
[0.344s] Level 1:colcon.colcon_core.package_identification:_identify(src/vehicle_interface) by extensions ['colcon_pkg']
[0.344s] Level 1:colcon.colcon_core.package_identification:_identify(src/vehicle_interface) by extension 'colcon_pkg'
[0.344s] Level 1:colcon.colcon_core.package_identification:_identify(src/vehicle_interface) by extensions ['colcon_meta']
[0.344s] Level 1:colcon.colcon_core.package_identification:_identify(src/vehicle_interface) by extension 'colcon_meta'
[0.344s] Level 1:colcon.colcon_core.package_identification:_identify(src/vehicle_interface) by extensions ['ros']
[0.344s] Level 1:colcon.colcon_core.package_identification:_identify(src/vehicle_interface) by extension 'ros'
[0.345s] DEBUG:colcon.colcon_core.package_identification:Package 'src/vehicle_interface' with type 'ros.ament_cmake' and name 'vehicle_interface'
[0.345s] Level 1:colcon.colcon_core.package_discovery:discover_packages(recursive) using defaults
[0.345s] Level 1:colcon.colcon_core.package_discovery:discover_packages(ignore) discover
[0.345s] Level 1:colcon.colcon_core.package_discovery:discover_packages(ignore) using defaults
[0.345s] Level 1:colcon.colcon_core.package_discovery:discover_packages(path) discover
[0.345s] Level 1:colcon.colcon_core.package_discovery:discover_packages(path) using defaults
[0.364s] Level 1:colcon.colcon_core.package_discovery:discover_packages(prefix_path) check parameters
[0.364s] Level 1:colcon.colcon_core.package_discovery:discover_packages(prefix_path) discover
[0.366s] WARNING:colcon.colcon_ros.prefix_path.ament:The path '/home/har/Documents/Auto_drive/SR75/x86-c/install/vehicle_interface' in the environment variable AMENT_PREFIX_PATH doesn't exist
[0.366s] WARNING:colcon.colcon_ros.prefix_path.ament:The path '/home/har/Documents/Auto_drive/SR75/x86-c/install/steering_can' in the environment variable AMENT_PREFIX_PATH doesn't exist
[0.366s] WARNING:colcon.colcon_ros.prefix_path.ament:The path '/home/har/Documents/Auto_drive/SR75/x86-c/install/joystick_control' in the environment variable AMENT_PREFIX_PATH doesn't exist
[0.367s] WARNING:colcon.colcon_ros.prefix_path.catkin:The path '/home/har/Documents/Auto_drive/SR75/x86-c/install/vehicle_interface' in the environment variable CMAKE_PREFIX_PATH doesn't exist
[0.367s] WARNING:colcon.colcon_ros.prefix_path.catkin:The path '/home/har/Documents/Auto_drive/SR75/x86-c/install/steering_can' in the environment variable CMAKE_PREFIX_PATH doesn't exist
[0.367s] WARNING:colcon.colcon_ros.prefix_path.catkin:The path '/home/har/Documents/Auto_drive/SR75/x86-c/install/joystick_control' in the environment variable CMAKE_PREFIX_PATH doesn't exist
[0.368s] DEBUG:colcon.colcon_installed_package_information.package_discovery:Found 0 installed packages in /home/har/Documents/Auto_drive/SR75/x86-c/install
[0.369s] DEBUG:colcon.colcon_installed_package_information.package_discovery:Found 12 installed packages in /home/har/Documents/VNAV/lab4/install
[0.369s] DEBUG:colcon.colcon_installed_package_information.package_discovery:Found 10 installed packages in /home/har/Documents/VNAV/lab3/install
[0.371s] DEBUG:colcon.colcon_installed_package_information.package_discovery:Found 288 installed packages in /opt/ros/jazzy
[0.372s] Level 1:colcon.colcon_core.package_discovery:discover_packages(prefix_path) using defaults
[0.411s] Level 5:colcon.colcon_core.verb:set package 'joystick_control' build argument 'cmake_args' from command line to 'None'
[0.411s] Level 5:colcon.colcon_core.verb:set package 'joystick_control' build argument 'cmake_target' from command line to 'None'
[0.411s] Level 5:colcon.colcon_core.verb:set package 'joystick_control' build argument 'cmake_target_skip_unavailable' from command line to 'False'
[0.411s] Level 5:colcon.colcon_core.verb:set package 'joystick_control' build argument 'cmake_clean_cache' from command line to 'False'
[0.411s] Level 5:colcon.colcon_core.verb:set package 'joystick_control' build argument 'cmake_clean_first' from command line to 'False'
[0.411s] Level 5:colcon.colcon_core.verb:set package 'joystick_control' build argument 'cmake_force_configure' from command line to 'False'
[0.411s] Level 5:colcon.colcon_core.verb:set package 'joystick_control' build argument 'ament_cmake_args' from command line to 'None'
[0.411s] Level 5:colcon.colcon_core.verb:set package 'joystick_control' build argument 'catkin_cmake_args' from command line to 'None'
[0.411s] Level 5:colcon.colcon_core.verb:set package 'joystick_control' build argument 'catkin_skip_building_tests' from command line to 'False'
[0.411s] DEBUG:colcon.colcon_core.verb:Building package 'joystick_control' with the following arguments: {'ament_cmake_args': None, 'build_base': '/home/har/Documents/Auto_drive/SR75/x86-c/build/joystick_control', 'catkin_cmake_args': None, 'catkin_skip_building_tests': False, 'cmake_args': None, 'cmake_clean_cache': False, 'cmake_clean_first': False, 'cmake_force_configure': False, 'cmake_target': None, 'cmake_target_skip_unavailable': False, 'install_base': '/home/har/Documents/Auto_drive/SR75/x86-c/install/joystick_control', 'merge_install': False, 'path': '/home/har/Documents/Auto_drive/SR75/x86-c/src/joystick', 'symlink_install': True, 'test_result_base': None}
[0.412s] Level 5:colcon.colcon_core.verb:set package 'steering_can' build argument 'cmake_args' from command line to 'None'
[0.412s] Level 5:colcon.colcon_core.verb:set package 'steering_can' build argument 'cmake_target' from command line to 'None'
[0.412s] Level 5:colcon.colcon_core.verb:set package 'steering_can' build argument 'cmake_target_skip_unavailable' from command line to 'False'
[0.412s] Level 5:colcon.colcon_core.verb:set package 'steering_can' build argument 'cmake_clean_cache' from command line to 'False'
[0.412s] Level 5:colcon.colcon_core.verb:set package 'steering_can' build argument 'cmake_clean_first' from command line to 'False'
[0.412s] Level 5:colcon.colcon_core.verb:set package 'steering_can' build argument 'cmake_force_configure' from command line to 'False'
[0.412s] Level 5:colcon.colcon_core.verb:set package 'steering_can' build argument 'ament_cmake_args' from command line to 'None'
[0.412s] Level 5:colcon.colcon_core.verb:set package 'steering_can' build argument 'catkin_cmake_args' from command line to 'None'
[0.412s] Level 5:colcon.colcon_core.verb:set package 'steering_can' build argument 'catkin_skip_building_tests' from command line to 'False'
[0.412s] DEBUG:colcon.colcon_core.verb:Building package 'steering_can' with the following arguments: {'ament_cmake_args': None, 'build_base': '/home/har/Documents/Auto_drive/SR75/x86-c/build/steering_can', 'catkin_cmake_args': None, 'catkin_skip_building_tests': False, 'cmake_args': None, 'cmake_clean_cache': False, 'cmake_clean_first': False, 'cmake_force_configure': False, 'cmake_target': None, 'cmake_target_skip_unavailable': False, 'install_base': '/home/har/Documents/Auto_drive/SR75/x86-c/install/steering_can', 'merge_install': False, 'path': '/home/har/Documents/Auto_drive/SR75/x86-c/src/steering_can', 'symlink_install': True, 'test_result_base': None}
[0.412s] Level 5:colcon.colcon_core.verb:set package 'vehicle_interface' build argument 'cmake_args' from command line to 'None'
[0.412s] Level 5:colcon.colcon_core.verb:set package 'vehicle_interface' build argument 'cmake_target' from command line to 'None'
[0.412s] Level 5:colcon.colcon_core.verb:set package 'vehicle_interface' build argument 'cmake_target_skip_unavailable' from command line to 'False'
[0.412s] Level 5:colcon.colcon_core.verb:set package 'vehicle_interface' build argument 'cmake_clean_cache' from command line to 'False'
[0.412s] Level 5:colcon.colcon_core.verb:set package 'vehicle_interface' build argument 'cmake_clean_first' from command line to 'False'
[0.412s] Level 5:colcon.colcon_core.verb:set package 'vehicle_interface' build argument 'cmake_force_configure' from command line to 'False'
[0.412s] Level 5:colcon.colcon_core.verb:set package 'vehicle_interface' build argument 'ament_cmake_args' from command line to 'None'
[0.412s] Level 5:colcon.colcon_core.verb:set package 'vehicle_interface' build argument 'catkin_cmake_args' from command line to 'None'
[0.412s] Level 5:colcon.colcon_core.verb:set package 'vehicle_interface' build argument 'catkin_skip_building_tests' from command line to 'False'
[0.412s] DEBUG:colcon.colcon_core.verb:Building package 'vehicle_interface' with the following arguments: {'ament_cmake_args': None, 'build_base': '/home/har/Documents/Auto_drive/SR75/x86-c/build/vehicle_interface', 'catkin_cmake_args': None, 'catkin_skip_building_tests': False, 'cmake_args': None, 'cmake_clean_cache': False, 'cmake_clean_first': False, 'cmake_force_configure': False, 'cmake_target': None, 'cmake_target_skip_unavailable': False, 'install_base': '/home/har/Documents/Auto_drive/SR75/x86-c/install/vehicle_interface', 'merge_install': False, 'path': '/home/har/Documents/Auto_drive/SR75/x86-c/src/vehicle_interface', 'symlink_install': True, 'test_result_base': None}
[0.412s] INFO:colcon.colcon_core.executor:Executing jobs using 'parallel' executor
[0.413s] DEBUG:colcon.colcon_parallel_executor.executor.parallel:run_until_complete
[0.413s] INFO:colcon.colcon_ros.task.ament_cmake.build:Building ROS package in '/home/har/Documents/Auto_drive/SR75/x86-c/src/joystick' with build type 'ament_cmake'
[0.414s] INFO:colcon.colcon_cmake.task.cmake.build:Building CMake package in '/home/har/Documents/Auto_drive/SR75/x86-c/src/joystick'
[0.419s] INFO:colcon.colcon_core.plugin_system:Skipping extension 'colcon_core.shell.bat': Not used on non-Windows systems
[0.420s] INFO:colcon.colcon_core.shell:Skip shell extension 'powershell' for command environment: Not usable outside of PowerShell
[0.420s] DEBUG:colcon.colcon_core.shell:Skip shell extension 'dsv' for command environment
[0.425s] INFO:colcon.colcon_ros.task.ament_cmake.build:Building ROS package in '/home/har/Documents/Auto_drive/SR75/x86-c/src/steering_can' with build type 'ament_cmake'
[0.425s] INFO:colcon.colcon_cmake.task.cmake.build:Building CMake package in '/home/har/Documents/Auto_drive/SR75/x86-c/src/steering_can'
[0.425s] INFO:colcon.colcon_core.shell:Skip shell extension 'powershell' for command environment: Not usable outside of PowerShell
[0.425s] DEBUG:colcon.colcon_core.shell:Skip shell extension 'dsv' for command environment
[0.430s] INFO:colcon.colcon_ros.task.ament_cmake.build:Building ROS package in '/home/har/Documents/Auto_drive/SR75/x86-c/src/vehicle_interface' with build type 'ament_cmake'
[0.430s] INFO:colcon.colcon_cmake.task.cmake.build:Building CMake package in '/home/har/Documents/Auto_drive/SR75/x86-c/src/vehicle_interface'
[0.431s] INFO:colcon.colcon_core.shell:Skip shell extension 'powershell' for command environment: Not usable outside of PowerShell
[0.431s] DEBUG:colcon.colcon_core.shell:Skip shell extension 'dsv' for command environment
[0.440s] DEBUG:colcon.colcon_core.event_handler.log_command:Invoking command in '/home/har/Documents/Auto_drive/SR75/x86-c/build/joystick_control': CMAKE_PREFIX_PATH=/home/har/Documents/Auto_drive/SR75/x86-c/install/vehicle_interface:/home/har/Documents/Auto_drive/SR75/x86-c/install/steering_can:/home/har/Documents/Auto_drive/SR75/x86-c/install/joystick_control:/home/har/Documents/VNAV/lab4/install/trajectory_generation:/home/har/Documents/VNAV/lab4/install/tesse_msgs:/home/har/Documents/VNAV/lab4/install/planner_pkg:/home/har/Documents/VNAV/lab4/install/tesse_ros_bridge:/home/har/Documents/VNAV/lab3/install/tesse_ros_bridge:/opt/ros/jazzy:/home/har/Documents/VNAV/lab4/install/mav_visualization:/home/har/Documents/VNAV/lab4/install/mav_trajectory_generation:/home/har/Documents/VNAV/lab4/install/mav_comm:/home/har/Documents/VNAV/lab4/install/mav_system_msgs:/home/har/Documents/VNAV/lab4/install/mav_state_machine_msgs:/home/har/Documents/VNAV/lab4/install/mav_planning_msgs:/home/har/Documents/VNAV/lab4/install/controller_pkg:/home/har/Documents/VNAV/lab4/install/mav_msgs:/home/har/Documents/VNAV/lab3/install/two_drones_pkg:/home/har/Documents/VNAV/lab3/install/tesse_msgs:/home/har/Documents/VNAV/lab3/install/mav_comm:/home/har/Documents/VNAV/lab3/install/mav_system_msgs:/home/har/Documents/VNAV/lab3/install/mav_state_machine_msgs:/home/har/Documents/VNAV/lab3/install/mav_planning_msgs:/home/har/Documents/VNAV/lab3/install/controller_pkg:/home/har/Documents/VNAV/lab3/install/mav_msgs:/opt/ros/jazzy/opt/gz_math_vendor:/opt/ros/jazzy/opt/gz_utils_vendor:/opt/ros/jazzy/opt/gz_cmake_vendor DEBUGINFOD_URLS=https://debuginfod.ubuntu.com /usr/local/bin/cmake /home/har/Documents/Auto_drive/SR75/x86-c/src/joystick -DAMENT_CMAKE_SYMLINK_INSTALL=1 -DCMAKE_INSTALL_PREFIX=/home/har/Documents/Auto_drive/SR75/x86-c/install/joystick_control
[0.445s] DEBUG:colcon.colcon_core.event_handler.log_command:Invoking command in '/home/har/Documents/Auto_drive/SR75/x86-c/build/steering_can': CMAKE_PREFIX_PATH=/home/har/Documents/Auto_drive/SR75/x86-c/install/vehicle_interface:/home/har/Documents/Auto_drive/SR75/x86-c/install/steering_can:/home/har/Documents/Auto_drive/SR75/x86-c/install/joystick_control:/home/har/Documents/VNAV/lab4/install/trajectory_generation:/home/har/Documents/VNAV/lab4/install/tesse_msgs:/home/har/Documents/VNAV/lab4/install/planner_pkg:/home/har/Documents/VNAV/lab4/install/tesse_ros_bridge:/home/har/Documents/VNAV/lab3/install/tesse_ros_bridge:/opt/ros/jazzy:/home/har/Documents/VNAV/lab4/install/mav_visualization:/home/har/Documents/VNAV/lab4/install/mav_trajectory_generation:/home/har/Documents/VNAV/lab4/install/mav_comm:/home/har/Documents/VNAV/lab4/install/mav_system_msgs:/home/har/Documents/VNAV/lab4/install/mav_state_machine_msgs:/home/har/Documents/VNAV/lab4/install/mav_planning_msgs:/home/har/Documents/VNAV/lab4/install/controller_pkg:/home/har/Documents/VNAV/lab4/install/mav_msgs:/home/har/Documents/VNAV/lab3/install/two_drones_pkg:/home/har/Documents/VNAV/lab3/install/tesse_msgs:/home/har/Documents/VNAV/lab3/install/mav_comm:/home/har/Documents/VNAV/lab3/install/mav_system_msgs:/home/har/Documents/VNAV/lab3/install/mav_state_machine_msgs:/home/har/Documents/VNAV/lab3/install/mav_planning_msgs:/home/har/Documents/VNAV/lab3/install/controller_pkg:/home/har/Documents/VNAV/lab3/install/mav_msgs:/opt/ros/jazzy/opt/gz_math_vendor:/opt/ros/jazzy/opt/gz_utils_vendor:/opt/ros/jazzy/opt/gz_cmake_vendor DEBUGINFOD_URLS=https://debuginfod.ubuntu.com /usr/local/bin/cmake /home/har/Documents/Auto_drive/SR75/x86-c/src/steering_can -DAMENT_CMAKE_SYMLINK_INSTALL=1 -DCMAKE_INSTALL_PREFIX=/home/har/Documents/Auto_drive/SR75/x86-c/install/steering_can
[0.449s] DEBUG:colcon.colcon_core.event_handler.log_command:Invoking command in '/home/har/Documents/Auto_drive/SR75/x86-c/build/vehicle_interface': CMAKE_PREFIX_PATH=/home/har/Documents/Auto_drive/SR75/x86-c/install/vehicle_interface:/home/har/Documents/Auto_drive/SR75/x86-c/install/steering_can:/home/har/Documents/Auto_drive/SR75/x86-c/install/joystick_control:/home/har/Documents/VNAV/lab4/install/trajectory_generation:/home/har/Documents/VNAV/lab4/install/tesse_msgs:/home/har/Documents/VNAV/lab4/install/planner_pkg:/home/har/Documents/VNAV/lab4/install/tesse_ros_bridge:/home/har/Documents/VNAV/lab3/install/tesse_ros_bridge:/opt/ros/jazzy:/home/har/Documents/VNAV/lab4/install/mav_visualization:/home/har/Documents/VNAV/lab4/install/mav_trajectory_generation:/home/har/Documents/VNAV/lab4/install/mav_comm:/home/har/Documents/VNAV/lab4/install/mav_system_msgs:/home/har/Documents/VNAV/lab4/install/mav_state_machine_msgs:/home/har/Documents/VNAV/lab4/install/mav_planning_msgs:/home/har/Documents/VNAV/lab4/install/controller_pkg:/home/har/Documents/VNAV/lab4/install/mav_msgs:/home/har/Documents/VNAV/lab3/install/two_drones_pkg:/home/har/Documents/VNAV/lab3/install/tesse_msgs:/home/har/Documents/VNAV/lab3/install/mav_comm:/home/har/Documents/VNAV/lab3/install/mav_system_msgs:/home/har/Documents/VNAV/lab3/install/mav_state_machine_msgs:/home/har/Documents/VNAV/lab3/install/mav_planning_msgs:/home/har/Documents/VNAV/lab3/install/controller_pkg:/home/har/Documents/VNAV/lab3/install/mav_msgs:/opt/ros/jazzy/opt/gz_math_vendor:/opt/ros/jazzy/opt/gz_utils_vendor:/opt/ros/jazzy/opt/gz_cmake_vendor DEBUGINFOD_URLS=https://debuginfod.ubuntu.com /usr/local/bin/cmake /home/har/Documents/Auto_drive/SR75/x86-c/src/vehicle_interface -DAMENT_CMAKE_SYMLINK_INSTALL=1 -DCMAKE_INSTALL_PREFIX=/home/har/Documents/Auto_drive/SR75/x86-c/install/vehicle_interface
[2.212s] DEBUG:colcon.colcon_core.event_handler.log_command:Invoked command in '/home/har/Documents/Auto_drive/SR75/x86-c/build/joystick_control' returned '0': CMAKE_PREFIX_PATH=/home/har/Documents/Auto_drive/SR75/x86-c/install/vehicle_interface:/home/har/Documents/Auto_drive/SR75/x86-c/install/steering_can:/home/har/Documents/Auto_drive/SR75/x86-c/install/joystick_control:/home/har/Documents/VNAV/lab4/install/trajectory_generation:/home/har/Documents/VNAV/lab4/install/tesse_msgs:/home/har/Documents/VNAV/lab4/install/planner_pkg:/home/har/Documents/VNAV/lab4/install/tesse_ros_bridge:/home/har/Documents/VNAV/lab3/install/tesse_ros_bridge:/opt/ros/jazzy:/home/har/Documents/VNAV/lab4/install/mav_visualization:/home/har/Documents/VNAV/lab4/install/mav_trajectory_generation:/home/har/Documents/VNAV/lab4/install/mav_comm:/home/har/Documents/VNAV/lab4/install/mav_system_msgs:/home/har/Documents/VNAV/lab4/install/mav_state_machine_msgs:/home/har/Documents/VNAV/lab4/install/mav_planning_msgs:/home/har/Documents/VNAV/lab4/install/controller_pkg:/home/har/Documents/VNAV/lab4/install/mav_msgs:/home/har/Documents/VNAV/lab3/install/two_drones_pkg:/home/har/Documents/VNAV/lab3/install/tesse_msgs:/home/har/Documents/VNAV/lab3/install/mav_comm:/home/har/Documents/VNAV/lab3/install/mav_system_msgs:/home/har/Documents/VNAV/lab3/install/mav_state_machine_msgs:/home/har/Documents/VNAV/lab3/install/mav_planning_msgs:/home/har/Documents/VNAV/lab3/install/controller_pkg:/home/har/Documents/VNAV/lab3/install/mav_msgs:/opt/ros/jazzy/opt/gz_math_vendor:/opt/ros/jazzy/opt/gz_utils_vendor:/opt/ros/jazzy/opt/gz_cmake_vendor DEBUGINFOD_URLS=https://debuginfod.ubuntu.com /usr/local/bin/cmake /home/har/Documents/Auto_drive/SR75/x86-c/src/joystick -DAMENT_CMAKE_SYMLINK_INSTALL=1 -DCMAKE_INSTALL_PREFIX=/home/har/Documents/Auto_drive/SR75/x86-c/install/joystick_control
[2.214s] DEBUG:colcon.colcon_core.event_handler.log_command:Invoking command in '/home/har/Documents/Auto_drive/SR75/x86-c/build/joystick_control': CMAKE_PREFIX_PATH=/home/har/Documents/Auto_drive/SR75/x86-c/install/vehicle_interface:/home/har/Documents/Auto_drive/SR75/x86-c/install/steering_can:/home/har/Documents/Auto_drive/SR75/x86-c/install/joystick_control:/home/har/Documents/VNAV/lab4/install/trajectory_generation:/home/har/Documents/VNAV/lab4/install/tesse_msgs:/home/har/Documents/VNAV/lab4/install/planner_pkg:/home/har/Documents/VNAV/lab4/install/tesse_ros_bridge:/home/har/Documents/VNAV/lab3/install/tesse_ros_bridge:/opt/ros/jazzy:/home/har/Documents/VNAV/lab4/install/mav_visualization:/home/har/Documents/VNAV/lab4/install/mav_trajectory_generation:/home/har/Documents/VNAV/lab4/install/mav_comm:/home/har/Documents/VNAV/lab4/install/mav_system_msgs:/home/har/Documents/VNAV/lab4/install/mav_state_machine_msgs:/home/har/Documents/VNAV/lab4/install/mav_planning_msgs:/home/har/Documents/VNAV/lab4/install/controller_pkg:/home/har/Documents/VNAV/lab4/install/mav_msgs:/home/har/Documents/VNAV/lab3/install/two_drones_pkg:/home/har/Documents/VNAV/lab3/install/tesse_msgs:/home/har/Documents/VNAV/lab3/install/mav_comm:/home/har/Documents/VNAV/lab3/install/mav_system_msgs:/home/har/Documents/VNAV/lab3/install/mav_state_machine_msgs:/home/har/Documents/VNAV/lab3/install/mav_planning_msgs:/home/har/Documents/VNAV/lab3/install/controller_pkg:/home/har/Documents/VNAV/lab3/install/mav_msgs:/opt/ros/jazzy/opt/gz_math_vendor:/opt/ros/jazzy/opt/gz_utils_vendor:/opt/ros/jazzy/opt/gz_cmake_vendor DEBUGINFOD_URLS=https://debuginfod.ubuntu.com /usr/local/bin/cmake --build /home/har/Documents/Auto_drive/SR75/x86-c/build/joystick_control -- -j16 -l16
[2.265s] DEBUG:colcon.colcon_core.event_handler.log_command:Invoked command in '/home/har/Documents/Auto_drive/SR75/x86-c/build/joystick_control' returned '0': CMAKE_PREFIX_PATH=/home/har/Documents/Auto_drive/SR75/x86-c/install/vehicle_interface:/home/har/Documents/Auto_drive/SR75/x86-c/install/steering_can:/home/har/Documents/Auto_drive/SR75/x86-c/install/joystick_control:/home/har/Documents/VNAV/lab4/install/trajectory_generation:/home/har/Documents/VNAV/lab4/install/tesse_msgs:/home/har/Documents/VNAV/lab4/install/planner_pkg:/home/har/Documents/VNAV/lab4/install/tesse_ros_bridge:/home/har/Documents/VNAV/lab3/install/tesse_ros_bridge:/opt/ros/jazzy:/home/har/Documents/VNAV/lab4/install/mav_visualization:/home/har/Documents/VNAV/lab4/install/mav_trajectory_generation:/home/har/Documents/VNAV/lab4/install/mav_comm:/home/har/Documents/VNAV/lab4/install/mav_system_msgs:/home/har/Documents/VNAV/lab4/install/mav_state_machine_msgs:/home/har/Documents/VNAV/lab4/install/mav_planning_msgs:/home/har/Documents/VNAV/lab4/install/controller_pkg:/home/har/Documents/VNAV/lab4/install/mav_msgs:/home/har/Documents/VNAV/lab3/install/two_drones_pkg:/home/har/Documents/VNAV/lab3/install/tesse_msgs:/home/har/Documents/VNAV/lab3/install/mav_comm:/home/har/Documents/VNAV/lab3/install/mav_system_msgs:/home/har/Documents/VNAV/lab3/install/mav_state_machine_msgs:/home/har/Documents/VNAV/lab3/install/mav_planning_msgs:/home/har/Documents/VNAV/lab3/install/controller_pkg:/home/har/Documents/VNAV/lab3/install/mav_msgs:/opt/ros/jazzy/opt/gz_math_vendor:/opt/ros/jazzy/opt/gz_utils_vendor:/opt/ros/jazzy/opt/gz_cmake_vendor DEBUGINFOD_URLS=https://debuginfod.ubuntu.com /usr/local/bin/cmake --build /home/har/Documents/Auto_drive/SR75/x86-c/build/joystick_control -- -j16 -l16
[2.278s] DEBUG:colcon.colcon_core.event_handler.log_command:Invoking command in '/home/har/Documents/Auto_drive/SR75/x86-c/build/joystick_control': CMAKE_PREFIX_PATH=/home/har/Documents/Auto_drive/SR75/x86-c/install/vehicle_interface:/home/har/Documents/Auto_drive/SR75/x86-c/install/steering_can:/home/har/Documents/Auto_drive/SR75/x86-c/install/joystick_control:/home/har/Documents/VNAV/lab4/install/trajectory_generation:/home/har/Documents/VNAV/lab4/install/tesse_msgs:/home/har/Documents/VNAV/lab4/install/planner_pkg:/home/har/Documents/VNAV/lab4/install/tesse_ros_bridge:/home/har/Documents/VNAV/lab3/install/tesse_ros_bridge:/opt/ros/jazzy:/home/har/Documents/VNAV/lab4/install/mav_visualization:/home/har/Documents/VNAV/lab4/install/mav_trajectory_generation:/home/har/Documents/VNAV/lab4/install/mav_comm:/home/har/Documents/VNAV/lab4/install/mav_system_msgs:/home/har/Documents/VNAV/lab4/install/mav_state_machine_msgs:/home/har/Documents/VNAV/lab4/install/mav_planning_msgs:/home/har/Documents/VNAV/lab4/install/controller_pkg:/home/har/Documents/VNAV/lab4/install/mav_msgs:/home/har/Documents/VNAV/lab3/install/two_drones_pkg:/home/har/Documents/VNAV/lab3/install/tesse_msgs:/home/har/Documents/VNAV/lab3/install/mav_comm:/home/har/Documents/VNAV/lab3/install/mav_system_msgs:/home/har/Documents/VNAV/lab3/install/mav_state_machine_msgs:/home/har/Documents/VNAV/lab3/install/mav_planning_msgs:/home/har/Documents/VNAV/lab3/install/controller_pkg:/home/har/Documents/VNAV/lab3/install/mav_msgs:/opt/ros/jazzy/opt/gz_math_vendor:/opt/ros/jazzy/opt/gz_utils_vendor:/opt/ros/jazzy/opt/gz_cmake_vendor DEBUGINFOD_URLS=https://debuginfod.ubuntu.com /usr/local/bin/cmake --install /home/har/Documents/Auto_drive/SR75/x86-c/build/joystick_control
[2.429s] Level 1:colcon.colcon_core.environment:create_environment_scripts_only(joystick_control)
[2.430s] DEBUG:colcon.colcon_core.event_handler.log_command:Invoked command in '/home/har/Documents/Auto_drive/SR75/x86-c/build/joystick_control' returned '0': CMAKE_PREFIX_PATH=/home/har/Documents/Auto_drive/SR75/x86-c/install/vehicle_interface:/home/har/Documents/Auto_drive/SR75/x86-c/install/steering_can:/home/har/Documents/Auto_drive/SR75/x86-c/install/joystick_control:/home/har/Documents/VNAV/lab4/install/trajectory_generation:/home/har/Documents/VNAV/lab4/install/tesse_msgs:/home/har/Documents/VNAV/lab4/install/planner_pkg:/home/har/Documents/VNAV/lab4/install/tesse_ros_bridge:/home/har/Documents/VNAV/lab3/install/tesse_ros_bridge:/opt/ros/jazzy:/home/har/Documents/VNAV/lab4/install/mav_visualization:/home/har/Documents/VNAV/lab4/install/mav_trajectory_generation:/home/har/Documents/VNAV/lab4/install/mav_comm:/home/har/Documents/VNAV/lab4/install/mav_system_msgs:/home/har/Documents/VNAV/lab4/install/mav_state_machine_msgs:/home/har/Documents/VNAV/lab4/install/mav_planning_msgs:/home/har/Documents/VNAV/lab4/install/controller_pkg:/home/har/Documents/VNAV/lab4/install/mav_msgs:/home/har/Documents/VNAV/lab3/install/two_drones_pkg:/home/har/Documents/VNAV/lab3/install/tesse_msgs:/home/har/Documents/VNAV/lab3/install/mav_comm:/home/har/Documents/VNAV/lab3/install/mav_system_msgs:/home/har/Documents/VNAV/lab3/install/mav_state_machine_msgs:/home/har/Documents/VNAV/lab3/install/mav_planning_msgs:/home/har/Documents/VNAV/lab3/install/controller_pkg:/home/har/Documents/VNAV/lab3/install/mav_msgs:/opt/ros/jazzy/opt/gz_math_vendor:/opt/ros/jazzy/opt/gz_utils_vendor:/opt/ros/jazzy/opt/gz_cmake_vendor DEBUGINFOD_URLS=https://debuginfod.ubuntu.com /usr/local/bin/cmake --install /home/har/Documents/Auto_drive/SR75/x86-c/build/joystick_control
[2.440s] Level 1:colcon.colcon_core.environment:checking '/home/har/Documents/Auto_drive/SR75/x86-c/install/joystick_control' for CMake module files
[2.441s] Level 1:colcon.colcon_core.environment:checking '/home/har/Documents/Auto_drive/SR75/x86-c/install/joystick_control' for CMake config files
[2.442s] Level 1:colcon.colcon_core.shell:create_environment_hook('joystick_control', 'cmake_prefix_path')
[2.442s] INFO:colcon.colcon_core.shell:Creating environment hook '/home/har/Documents/Auto_drive/SR75/x86-c/install/joystick_control/share/joystick_control/hook/cmake_prefix_path.ps1'
[2.444s] INFO:colcon.colcon_core.shell:Creating environment descriptor '/home/har/Documents/Auto_drive/SR75/x86-c/install/joystick_control/share/joystick_control/hook/cmake_prefix_path.dsv'
[2.444s] INFO:colcon.colcon_core.shell:Creating environment hook '/home/har/Documents/Auto_drive/SR75/x86-c/install/joystick_control/share/joystick_control/hook/cmake_prefix_path.sh'
[2.447s] Level 1:colcon.colcon_core.environment:checking '/home/har/Documents/Auto_drive/SR75/x86-c/install/joystick_control/lib'
[2.447s] Level 1:colcon.colcon_core.environment:checking '/home/har/Documents/Auto_drive/SR75/x86-c/install/joystick_control/bin'
[2.447s] Level 1:colcon.colcon_core.environment:checking '/home/har/Documents/Auto_drive/SR75/x86-c/install/joystick_control/lib/pkgconfig/joystick_control.pc'
[2.448s] Level 1:colcon.colcon_core.environment:checking '/home/har/Documents/Auto_drive/SR75/x86-c/install/joystick_control/lib/python3.12/site-packages'
[2.448s] Level 1:colcon.colcon_core.environment:checking '/home/har/Documents/Auto_drive/SR75/x86-c/install/joystick_control/bin'
[2.449s] INFO:colcon.colcon_core.shell:Creating package script '/home/har/Documents/Auto_drive/SR75/x86-c/install/joystick_control/share/joystick_control/package.ps1'
[2.450s] INFO:colcon.colcon_core.shell:Creating package descriptor '/home/har/Documents/Auto_drive/SR75/x86-c/install/joystick_control/share/joystick_control/package.dsv'
[2.452s] INFO:colcon.colcon_core.shell:Creating package script '/home/har/Documents/Auto_drive/SR75/x86-c/install/joystick_control/share/joystick_control/package.sh'
[2.453s] INFO:colcon.colcon_core.shell:Creating package script '/home/har/Documents/Auto_drive/SR75/x86-c/install/joystick_control/share/joystick_control/package.bash'
[2.455s] INFO:colcon.colcon_core.shell:Creating package script '/home/har/Documents/Auto_drive/SR75/x86-c/install/joystick_control/share/joystick_control/package.zsh'
[2.456s] Level 1:colcon.colcon_core.environment:create_file_with_runtime_dependencies(/home/har/Documents/Auto_drive/SR75/x86-c/install/joystick_control/share/colcon-core/packages/joystick_control)
[2.457s] Level 1:colcon.colcon_core.environment:create_environment_scripts_only(joystick_control)
[2.458s] Level 1:colcon.colcon_core.environment:checking '/home/har/Documents/Auto_drive/SR75/x86-c/install/joystick_control' for CMake module files
[2.459s] Level 1:colcon.colcon_core.environment:checking '/home/har/Documents/Auto_drive/SR75/x86-c/install/joystick_control' for CMake config files
[2.460s] Level 1:colcon.colcon_core.shell:create_environment_hook('joystick_control', 'cmake_prefix_path')
[2.460s] INFO:colcon.colcon_core.shell:Creating environment hook '/home/har/Documents/Auto_drive/SR75/x86-c/install/joystick_control/share/joystick_control/hook/cmake_prefix_path.ps1'
[2.461s] INFO:colcon.colcon_core.shell:Creating environment descriptor '/home/har/Documents/Auto_drive/SR75/x86-c/install/joystick_control/share/joystick_control/hook/cmake_prefix_path.dsv'
[2.462s] INFO:colcon.colcon_core.shell:Creating environment hook '/home/har/Documents/Auto_drive/SR75/x86-c/install/joystick_control/share/joystick_control/hook/cmake_prefix_path.sh'
[2.463s] Level 1:colcon.colcon_core.environment:checking '/home/har/Documents/Auto_drive/SR75/x86-c/install/joystick_control/lib'
[2.464s] Level 1:colcon.colcon_core.environment:checking '/home/har/Documents/Auto_drive/SR75/x86-c/install/joystick_control/bin'
[2.464s] Level 1:colcon.colcon_core.environment:checking '/home/har/Documents/Auto_drive/SR75/x86-c/install/joystick_control/lib/pkgconfig/joystick_control.pc'
[2.464s] Level 1:colcon.colcon_core.environment:checking '/home/har/Documents/Auto_drive/SR75/x86-c/install/joystick_control/lib/python3.12/site-packages'
[2.465s] Level 1:colcon.colcon_core.environment:checking '/home/har/Documents/Auto_drive/SR75/x86-c/install/joystick_control/bin'
[2.466s] INFO:colcon.colcon_core.shell:Creating package script '/home/har/Documents/Auto_drive/SR75/x86-c/install/joystick_control/share/joystick_control/package.ps1'
[2.467s] INFO:colcon.colcon_core.shell:Creating package descriptor '/home/har/Documents/Auto_drive/SR75/x86-c/install/joystick_control/share/joystick_control/package.dsv'
[2.468s] INFO:colcon.colcon_core.shell:Creating package script '/home/har/Documents/Auto_drive/SR75/x86-c/install/joystick_control/share/joystick_control/package.sh'
[2.469s] INFO:colcon.colcon_core.shell:Creating package script '/home/har/Documents/Auto_drive/SR75/x86-c/install/joystick_control/share/joystick_control/package.bash'
[2.470s] INFO:colcon.colcon_core.shell:Creating package script '/home/har/Documents/Auto_drive/SR75/x86-c/install/joystick_control/share/joystick_control/package.zsh'
[2.471s] Level 1:colcon.colcon_core.environment:create_file_with_runtime_dependencies(/home/har/Documents/Auto_drive/SR75/x86-c/install/joystick_control/share/colcon-core/packages/joystick_control)
[4.441s] DEBUG:colcon.colcon_core.event_handler.log_command:Invoked command in '/home/har/Documents/Auto_drive/SR75/x86-c/build/vehicle_interface' returned '0': CMAKE_PREFIX_PATH=/home/har/Documents/Auto_drive/SR75/x86-c/install/vehicle_interface:/home/har/Documents/Auto_drive/SR75/x86-c/install/steering_can:/home/har/Documents/Auto_drive/SR75/x86-c/install/joystick_control:/home/har/Documents/VNAV/lab4/install/trajectory_generation:/home/har/Documents/VNAV/lab4/install/tesse_msgs:/home/har/Documents/VNAV/lab4/install/planner_pkg:/home/har/Documents/VNAV/lab4/install/tesse_ros_bridge:/home/har/Documents/VNAV/lab3/install/tesse_ros_bridge:/opt/ros/jazzy:/home/har/Documents/VNAV/lab4/install/mav_visualization:/home/har/Documents/VNAV/lab4/install/mav_trajectory_generation:/home/har/Documents/VNAV/lab4/install/mav_comm:/home/har/Documents/VNAV/lab4/install/mav_system_msgs:/home/har/Documents/VNAV/lab4/install/mav_state_machine_msgs:/home/har/Documents/VNAV/lab4/install/mav_planning_msgs:/home/har/Documents/VNAV/lab4/install/controller_pkg:/home/har/Documents/VNAV/lab4/install/mav_msgs:/home/har/Documents/VNAV/lab3/install/two_drones_pkg:/home/har/Documents/VNAV/lab3/install/tesse_msgs:/home/har/Documents/VNAV/lab3/install/mav_comm:/home/har/Documents/VNAV/lab3/install/mav_system_msgs:/home/har/Documents/VNAV/lab3/install/mav_state_machine_msgs:/home/har/Documents/VNAV/lab3/install/mav_planning_msgs:/home/har/Documents/VNAV/lab3/install/controller_pkg:/home/har/Documents/VNAV/lab3/install/mav_msgs:/opt/ros/jazzy/opt/gz_math_vendor:/opt/ros/jazzy/opt/gz_utils_vendor:/opt/ros/jazzy/opt/gz_cmake_vendor DEBUGINFOD_URLS=https://debuginfod.ubuntu.com /usr/local/bin/cmake /home/har/Documents/Auto_drive/SR75/x86-c/src/vehicle_interface -DAMENT_CMAKE_SYMLINK_INSTALL=1 -DCMAKE_INSTALL_PREFIX=/home/har/Documents/Auto_drive/SR75/x86-c/install/vehicle_interface
[4.442s] DEBUG:colcon.colcon_core.event_handler.log_command:Invoking command in '/home/har/Documents/Auto_drive/SR75/x86-c/build/vehicle_interface': CMAKE_PREFIX_PATH=/home/har/Documents/Auto_drive/SR75/x86-c/install/vehicle_interface:/home/har/Documents/Auto_drive/SR75/x86-c/install/steering_can:/home/har/Documents/Auto_drive/SR75/x86-c/install/joystick_control:/home/har/Documents/VNAV/lab4/install/trajectory_generation:/home/har/Documents/VNAV/lab4/install/tesse_msgs:/home/har/Documents/VNAV/lab4/install/planner_pkg:/home/har/Documents/VNAV/lab4/install/tesse_ros_bridge:/home/har/Documents/VNAV/lab3/install/tesse_ros_bridge:/opt/ros/jazzy:/home/har/Documents/VNAV/lab4/install/mav_visualization:/home/har/Documents/VNAV/lab4/install/mav_trajectory_generation:/home/har/Documents/VNAV/lab4/install/mav_comm:/home/har/Documents/VNAV/lab4/install/mav_system_msgs:/home/har/Documents/VNAV/lab4/install/mav_state_machine_msgs:/home/har/Documents/VNAV/lab4/install/mav_planning_msgs:/home/har/Documents/VNAV/lab4/install/controller_pkg:/home/har/Documents/VNAV/lab4/install/mav_msgs:/home/har/Documents/VNAV/lab3/install/two_drones_pkg:/home/har/Documents/VNAV/lab3/install/tesse_msgs:/home/har/Documents/VNAV/lab3/install/mav_comm:/home/har/Documents/VNAV/lab3/install/mav_system_msgs:/home/har/Documents/VNAV/lab3/install/mav_state_machine_msgs:/home/har/Documents/VNAV/lab3/install/mav_planning_msgs:/home/har/Documents/VNAV/lab3/install/controller_pkg:/home/har/Documents/VNAV/lab3/install/mav_msgs:/opt/ros/jazzy/opt/gz_math_vendor:/opt/ros/jazzy/opt/gz_utils_vendor:/opt/ros/jazzy/opt/gz_cmake_vendor DEBUGINFOD_URLS=https://debuginfod.ubuntu.com /usr/local/bin/cmake --build /home/har/Documents/Auto_drive/SR75/x86-c/build/vehicle_interface -- -j16 -l16
[4.447s] DEBUG:colcon.colcon_core.event_handler.log_command:Invoked command in '/home/har/Documents/Auto_drive/SR75/x86-c/build/steering_can' returned '0': CMAKE_PREFIX_PATH=/home/har/Documents/Auto_drive/SR75/x86-c/install/vehicle_interface:/home/har/Documents/Auto_drive/SR75/x86-c/install/steering_can:/home/har/Documents/Auto_drive/SR75/x86-c/install/joystick_control:/home/har/Documents/VNAV/lab4/install/trajectory_generation:/home/har/Documents/VNAV/lab4/install/tesse_msgs:/home/har/Documents/VNAV/lab4/install/planner_pkg:/home/har/Documents/VNAV/lab4/install/tesse_ros_bridge:/home/har/Documents/VNAV/lab3/install/tesse_ros_bridge:/opt/ros/jazzy:/home/har/Documents/VNAV/lab4/install/mav_visualization:/home/har/Documents/VNAV/lab4/install/mav_trajectory_generation:/home/har/Documents/VNAV/lab4/install/mav_comm:/home/har/Documents/VNAV/lab4/install/mav_system_msgs:/home/har/Documents/VNAV/lab4/install/mav_state_machine_msgs:/home/har/Documents/VNAV/lab4/install/mav_planning_msgs:/home/har/Documents/VNAV/lab4/install/controller_pkg:/home/har/Documents/VNAV/lab4/install/mav_msgs:/home/har/Documents/VNAV/lab3/install/two_drones_pkg:/home/har/Documents/VNAV/lab3/install/tesse_msgs:/home/har/Documents/VNAV/lab3/install/mav_comm:/home/har/Documents/VNAV/lab3/install/mav_system_msgs:/home/har/Documents/VNAV/lab3/install/mav_state_machine_msgs:/home/har/Documents/VNAV/lab3/install/mav_planning_msgs:/home/har/Documents/VNAV/lab3/install/controller_pkg:/home/har/Documents/VNAV/lab3/install/mav_msgs:/opt/ros/jazzy/opt/gz_math_vendor:/opt/ros/jazzy/opt/gz_utils_vendor:/opt/ros/jazzy/opt/gz_cmake_vendor DEBUGINFOD_URLS=https://debuginfod.ubuntu.com /usr/local/bin/cmake /home/har/Documents/Auto_drive/SR75/x86-c/src/steering_can -DAMENT_CMAKE_SYMLINK_INSTALL=1 -DCMAKE_INSTALL_PREFIX=/home/har/Documents/Auto_drive/SR75/x86-c/install/steering_can
[4.449s] DEBUG:colcon.colcon_core.event_handler.log_command:Invoking command in '/home/har/Documents/Auto_drive/SR75/x86-c/build/steering_can': CMAKE_PREFIX_PATH=/home/har/Documents/Auto_drive/SR75/x86-c/install/vehicle_interface:/home/har/Documents/Auto_drive/SR75/x86-c/install/steering_can:/home/har/Documents/Auto_drive/SR75/x86-c/install/joystick_control:/home/har/Documents/VNAV/lab4/install/trajectory_generation:/home/har/Documents/VNAV/lab4/install/tesse_msgs:/home/har/Documents/VNAV/lab4/install/planner_pkg:/home/har/Documents/VNAV/lab4/install/tesse_ros_bridge:/home/har/Documents/VNAV/lab3/install/tesse_ros_bridge:/opt/ros/jazzy:/home/har/Documents/VNAV/lab4/install/mav_visualization:/home/har/Documents/VNAV/lab4/install/mav_trajectory_generation:/home/har/Documents/VNAV/lab4/install/mav_comm:/home/har/Documents/VNAV/lab4/install/mav_system_msgs:/home/har/Documents/VNAV/lab4/install/mav_state_machine_msgs:/home/har/Documents/VNAV/lab4/install/mav_planning_msgs:/home/har/Documents/VNAV/lab4/install/controller_pkg:/home/har/Documents/VNAV/lab4/install/mav_msgs:/home/har/Documents/VNAV/lab3/install/two_drones_pkg:/home/har/Documents/VNAV/lab3/install/tesse_msgs:/home/har/Documents/VNAV/lab3/install/mav_comm:/home/har/Documents/VNAV/lab3/install/mav_system_msgs:/home/har/Documents/VNAV/lab3/install/mav_state_machine_msgs:/home/har/Documents/VNAV/lab3/install/mav_planning_msgs:/home/har/Documents/VNAV/lab3/install/controller_pkg:/home/har/Documents/VNAV/lab3/install/mav_msgs:/opt/ros/jazzy/opt/gz_math_vendor:/opt/ros/jazzy/opt/gz_utils_vendor:/opt/ros/jazzy/opt/gz_cmake_vendor DEBUGINFOD_URLS=https://debuginfod.ubuntu.com /usr/local/bin/cmake --build /home/har/Documents/Auto_drive/SR75/x86-c/build/steering_can -- -j16 -l16
[6.369s] DEBUG:colcon.colcon_core.event_handler.log_command:Invoked command in '/home/har/Documents/Auto_drive/SR75/x86-c/build/steering_can' returned '0': CMAKE_PREFIX_PATH=/home/har/Documents/Auto_drive/SR75/x86-c/install/vehicle_interface:/home/har/Documents/Auto_drive/SR75/x86-c/install/steering_can:/home/har/Documents/Auto_drive/SR75/x86-c/install/joystick_control:/home/har/Documents/VNAV/lab4/install/trajectory_generation:/home/har/Documents/VNAV/lab4/install/tesse_msgs:/home/har/Documents/VNAV/lab4/install/planner_pkg:/home/har/Documents/VNAV/lab4/install/tesse_ros_bridge:/home/har/Documents/VNAV/lab3/install/tesse_ros_bridge:/opt/ros/jazzy:/home/har/Documents/VNAV/lab4/install/mav_visualization:/home/har/Documents/VNAV/lab4/install/mav_trajectory_generation:/home/har/Documents/VNAV/lab4/install/mav_comm:/home/har/Documents/VNAV/lab4/install/mav_system_msgs:/home/har/Documents/VNAV/lab4/install/mav_state_machine_msgs:/home/har/Documents/VNAV/lab4/install/mav_planning_msgs:/home/har/Documents/VNAV/lab4/install/controller_pkg:/home/har/Documents/VNAV/lab4/install/mav_msgs:/home/har/Documents/VNAV/lab3/install/two_drones_pkg:/home/har/Documents/VNAV/lab3/install/tesse_msgs:/home/har/Documents/VNAV/lab3/install/mav_comm:/home/har/Documents/VNAV/lab3/install/mav_system_msgs:/home/har/Documents/VNAV/lab3/install/mav_state_machine_msgs:/home/har/Documents/VNAV/lab3/install/mav_planning_msgs:/home/har/Documents/VNAV/lab3/install/controller_pkg:/home/har/Documents/VNAV/lab3/install/mav_msgs:/opt/ros/jazzy/opt/gz_math_vendor:/opt/ros/jazzy/opt/gz_utils_vendor:/opt/ros/jazzy/opt/gz_cmake_vendor DEBUGINFOD_URLS=https://debuginfod.ubuntu.com /usr/local/bin/cmake --build /home/har/Documents/Auto_drive/SR75/x86-c/build/steering_can -- -j16 -l16
[6.370s] DEBUG:colcon.colcon_core.event_handler.log_command:Invoking command in '/home/har/Documents/Auto_drive/SR75/x86-c/build/steering_can': CMAKE_PREFIX_PATH=/home/har/Documents/Auto_drive/SR75/x86-c/install/vehicle_interface:/home/har/Documents/Auto_drive/SR75/x86-c/install/steering_can:/home/har/Documents/Auto_drive/SR75/x86-c/install/joystick_control:/home/har/Documents/VNAV/lab4/install/trajectory_generation:/home/har/Documents/VNAV/lab4/install/tesse_msgs:/home/har/Documents/VNAV/lab4/install/planner_pkg:/home/har/Documents/VNAV/lab4/install/tesse_ros_bridge:/home/har/Documents/VNAV/lab3/install/tesse_ros_bridge:/opt/ros/jazzy:/home/har/Documents/VNAV/lab4/install/mav_visualization:/home/har/Documents/VNAV/lab4/install/mav_trajectory_generation:/home/har/Documents/VNAV/lab4/install/mav_comm:/home/har/Documents/VNAV/lab4/install/mav_system_msgs:/home/har/Documents/VNAV/lab4/install/mav_state_machine_msgs:/home/har/Documents/VNAV/lab4/install/mav_planning_msgs:/home/har/Documents/VNAV/lab4/install/controller_pkg:/home/har/Documents/VNAV/lab4/install/mav_msgs:/home/har/Documents/VNAV/lab3/install/two_drones_pkg:/home/har/Documents/VNAV/lab3/install/tesse_msgs:/home/har/Documents/VNAV/lab3/install/mav_comm:/home/har/Documents/VNAV/lab3/install/mav_system_msgs:/home/har/Documents/VNAV/lab3/install/mav_state_machine_msgs:/home/har/Documents/VNAV/lab3/install/mav_planning_msgs:/home/har/Documents/VNAV/lab3/install/controller_pkg:/home/har/Documents/VNAV/lab3/install/mav_msgs:/opt/ros/jazzy/opt/gz_math_vendor:/opt/ros/jazzy/opt/gz_utils_vendor:/opt/ros/jazzy/opt/gz_cmake_vendor DEBUGINFOD_URLS=https://debuginfod.ubuntu.com /usr/local/bin/cmake --install /home/har/Documents/Auto_drive/SR75/x86-c/build/steering_can
[6.485s] Level 1:colcon.colcon_core.environment:create_environment_scripts_only(steering_can)
[6.486s] DEBUG:colcon.colcon_core.event_handler.log_command:Invoked command in '/home/har/Documents/Auto_drive/SR75/x86-c/build/steering_can' returned '0': CMAKE_PREFIX_PATH=/home/har/Documents/Auto_drive/SR75/x86-c/install/vehicle_interface:/home/har/Documents/Auto_drive/SR75/x86-c/install/steering_can:/home/har/Documents/Auto_drive/SR75/x86-c/install/joystick_control:/home/har/Documents/VNAV/lab4/install/trajectory_generation:/home/har/Documents/VNAV/lab4/install/tesse_msgs:/home/har/Documents/VNAV/lab4/install/planner_pkg:/home/har/Documents/VNAV/lab4/install/tesse_ros_bridge:/home/har/Documents/VNAV/lab3/install/tesse_ros_bridge:/opt/ros/jazzy:/home/har/Documents/VNAV/lab4/install/mav_visualization:/home/har/Documents/VNAV/lab4/install/mav_trajectory_generation:/home/har/Documents/VNAV/lab4/install/mav_comm:/home/har/Documents/VNAV/lab4/install/mav_system_msgs:/home/har/Documents/VNAV/lab4/install/mav_state_machine_msgs:/home/har/Documents/VNAV/lab4/install/mav_planning_msgs:/home/har/Documents/VNAV/lab4/install/controller_pkg:/home/har/Documents/VNAV/lab4/install/mav_msgs:/home/har/Documents/VNAV/lab3/install/two_drones_pkg:/home/har/Documents/VNAV/lab3/install/tesse_msgs:/home/har/Documents/VNAV/lab3/install/mav_comm:/home/har/Documents/VNAV/lab3/install/mav_system_msgs:/home/har/Documents/VNAV/lab3/install/mav_state_machine_msgs:/home/har/Documents/VNAV/lab3/install/mav_planning_msgs:/home/har/Documents/VNAV/lab3/install/controller_pkg:/home/har/Documents/VNAV/lab3/install/mav_msgs:/opt/ros/jazzy/opt/gz_math_vendor:/opt/ros/jazzy/opt/gz_utils_vendor:/opt/ros/jazzy/opt/gz_cmake_vendor DEBUGINFOD_URLS=https://debuginfod.ubuntu.com /usr/local/bin/cmake --install /home/har/Documents/Auto_drive/SR75/x86-c/build/steering_can
[6.486s] Level 1:colcon.colcon_core.environment:checking '/home/har/Documents/Auto_drive/SR75/x86-c/install/steering_can' for CMake module files
[6.487s] Level 1:colcon.colcon_core.environment:checking '/home/har/Documents/Auto_drive/SR75/x86-c/install/steering_can' for CMake config files
[6.487s] Level 1:colcon.colcon_core.shell:create_environment_hook('steering_can', 'cmake_prefix_path')
[6.488s] INFO:colcon.colcon_core.shell:Creating environment hook '/home/har/Documents/Auto_drive/SR75/x86-c/install/steering_can/share/steering_can/hook/cmake_prefix_path.ps1'
[6.489s] INFO:colcon.colcon_core.shell:Creating environment descriptor '/home/har/Documents/Auto_drive/SR75/x86-c/install/steering_can/share/steering_can/hook/cmake_prefix_path.dsv'
[6.489s] INFO:colcon.colcon_core.shell:Creating environment hook '/home/har/Documents/Auto_drive/SR75/x86-c/install/steering_can/share/steering_can/hook/cmake_prefix_path.sh'
[6.490s] Level 1:colcon.colcon_core.environment:checking '/home/har/Documents/Auto_drive/SR75/x86-c/install/steering_can/lib'
[6.490s] Level 1:colcon.colcon_core.environment:checking '/home/har/Documents/Auto_drive/SR75/x86-c/install/steering_can/bin'
[6.490s] Level 1:colcon.colcon_core.environment:checking '/home/har/Documents/Auto_drive/SR75/x86-c/install/steering_can/lib/pkgconfig/steering_can.pc'
[6.491s] Level 1:colcon.colcon_core.environment:checking '/home/har/Documents/Auto_drive/SR75/x86-c/install/steering_can/lib/python3.12/site-packages'
[6.491s] Level 1:colcon.colcon_core.environment:checking '/home/har/Documents/Auto_drive/SR75/x86-c/install/steering_can/bin'
[6.492s] INFO:colcon.colcon_core.shell:Creating package script '/home/har/Documents/Auto_drive/SR75/x86-c/install/steering_can/share/steering_can/package.ps1'
[6.492s] INFO:colcon.colcon_core.shell:Creating package descriptor '/home/har/Documents/Auto_drive/SR75/x86-c/install/steering_can/share/steering_can/package.dsv'
[6.493s] INFO:colcon.colcon_core.shell:Creating package script '/home/har/Documents/Auto_drive/SR75/x86-c/install/steering_can/share/steering_can/package.sh'
[6.494s] INFO:colcon.colcon_core.shell:Creating package script '/home/har/Documents/Auto_drive/SR75/x86-c/install/steering_can/share/steering_can/package.bash'
[6.494s] INFO:colcon.colcon_core.shell:Creating package script '/home/har/Documents/Auto_drive/SR75/x86-c/install/steering_can/share/steering_can/package.zsh'
[6.495s] Level 1:colcon.colcon_core.environment:create_file_with_runtime_dependencies(/home/har/Documents/Auto_drive/SR75/x86-c/install/steering_can/share/colcon-core/packages/steering_can)
[6.496s] Level 1:colcon.colcon_core.environment:create_environment_scripts_only(steering_can)
[6.496s] Level 1:colcon.colcon_core.environment:checking '/home/har/Documents/Auto_drive/SR75/x86-c/install/steering_can' for CMake module files
[6.497s] Level 1:colcon.colcon_core.environment:checking '/home/har/Documents/Auto_drive/SR75/x86-c/install/steering_can' for CMake config files
[6.498s] Level 1:colcon.colcon_core.shell:create_environment_hook('steering_can', 'cmake_prefix_path')
[6.498s] INFO:colcon.colcon_core.shell:Creating environment hook '/home/har/Documents/Auto_drive/SR75/x86-c/install/steering_can/share/steering_can/hook/cmake_prefix_path.ps1'
[6.499s] INFO:colcon.colcon_core.shell:Creating environment descriptor '/home/har/Documents/Auto_drive/SR75/x86-c/install/steering_can/share/steering_can/hook/cmake_prefix_path.dsv'
[6.499s] INFO:colcon.colcon_core.shell:Creating environment hook '/home/har/Documents/Auto_drive/SR75/x86-c/install/steering_can/share/steering_can/hook/cmake_prefix_path.sh'
[6.500s] Level 1:colcon.colcon_core.environment:checking '/home/har/Documents/Auto_drive/SR75/x86-c/install/steering_can/lib'
[6.500s] Level 1:colcon.colcon_core.environment:checking '/home/har/Documents/Auto_drive/SR75/x86-c/install/steering_can/bin'
[6.500s] Level 1:colcon.colcon_core.environment:checking '/home/har/Documents/Auto_drive/SR75/x86-c/install/steering_can/lib/pkgconfig/steering_can.pc'
[6.501s] Level 1:colcon.colcon_core.environment:checking '/home/har/Documents/Auto_drive/SR75/x86-c/install/steering_can/lib/python3.12/site-packages'
[6.501s] Level 1:colcon.colcon_core.environment:checking '/home/har/Documents/Auto_drive/SR75/x86-c/install/steering_can/bin'
[6.502s] INFO:colcon.colcon_core.shell:Creating package script '/home/har/Documents/Auto_drive/SR75/x86-c/install/steering_can/share/steering_can/package.ps1'
[6.502s] INFO:colcon.colcon_core.shell:Creating package descriptor '/home/har/Documents/Auto_drive/SR75/x86-c/install/steering_can/share/steering_can/package.dsv'
[6.503s] INFO:colcon.colcon_core.shell:Creating package script '/home/har/Documents/Auto_drive/SR75/x86-c/install/steering_can/share/steering_can/package.sh'
[6.504s] INFO:colcon.colcon_core.shell:Creating package script '/home/har/Documents/Auto_drive/SR75/x86-c/install/steering_can/share/steering_can/package.bash'
[6.505s] INFO:colcon.colcon_core.shell:Creating package script '/home/har/Documents/Auto_drive/SR75/x86-c/install/steering_can/share/steering_can/package.zsh'
[6.505s] Level 1:colcon.colcon_core.environment:create_file_with_runtime_dependencies(/home/har/Documents/Auto_drive/SR75/x86-c/install/steering_can/share/colcon-core/packages/steering_can)
[15.634s] DEBUG:colcon.colcon_core.event_handler.log_command:Invoked command in '/home/har/Documents/Auto_drive/SR75/x86-c/build/vehicle_interface' returned '0': CMAKE_PREFIX_PATH=/home/har/Documents/Auto_drive/SR75/x86-c/install/vehicle_interface:/home/har/Documents/Auto_drive/SR75/x86-c/install/steering_can:/home/har/Documents/Auto_drive/SR75/x86-c/install/joystick_control:/home/har/Documents/VNAV/lab4/install/trajectory_generation:/home/har/Documents/VNAV/lab4/install/tesse_msgs:/home/har/Documents/VNAV/lab4/install/planner_pkg:/home/har/Documents/VNAV/lab4/install/tesse_ros_bridge:/home/har/Documents/VNAV/lab3/install/tesse_ros_bridge:/opt/ros/jazzy:/home/har/Documents/VNAV/lab4/install/mav_visualization:/home/har/Documents/VNAV/lab4/install/mav_trajectory_generation:/home/har/Documents/VNAV/lab4/install/mav_comm:/home/har/Documents/VNAV/lab4/install/mav_system_msgs:/home/har/Documents/VNAV/lab4/install/mav_state_machine_msgs:/home/har/Documents/VNAV/lab4/install/mav_planning_msgs:/home/har/Documents/VNAV/lab4/install/controller_pkg:/home/har/Documents/VNAV/lab4/install/mav_msgs:/home/har/Documents/VNAV/lab3/install/two_drones_pkg:/home/har/Documents/VNAV/lab3/install/tesse_msgs:/home/har/Documents/VNAV/lab3/install/mav_comm:/home/har/Documents/VNAV/lab3/install/mav_system_msgs:/home/har/Documents/VNAV/lab3/install/mav_state_machine_msgs:/home/har/Documents/VNAV/lab3/install/mav_planning_msgs:/home/har/Documents/VNAV/lab3/install/controller_pkg:/home/har/Documents/VNAV/lab3/install/mav_msgs:/opt/ros/jazzy/opt/gz_math_vendor:/opt/ros/jazzy/opt/gz_utils_vendor:/opt/ros/jazzy/opt/gz_cmake_vendor DEBUGINFOD_URLS=https://debuginfod.ubuntu.com /usr/local/bin/cmake --build /home/har/Documents/Auto_drive/SR75/x86-c/build/vehicle_interface -- -j16 -l16
[15.636s] DEBUG:colcon.colcon_core.event_handler.log_command:Invoking command in '/home/har/Documents/Auto_drive/SR75/x86-c/build/vehicle_interface': CMAKE_PREFIX_PATH=/home/har/Documents/Auto_drive/SR75/x86-c/install/vehicle_interface:/home/har/Documents/Auto_drive/SR75/x86-c/install/steering_can:/home/har/Documents/Auto_drive/SR75/x86-c/install/joystick_control:/home/har/Documents/VNAV/lab4/install/trajectory_generation:/home/har/Documents/VNAV/lab4/install/tesse_msgs:/home/har/Documents/VNAV/lab4/install/planner_pkg:/home/har/Documents/VNAV/lab4/install/tesse_ros_bridge:/home/har/Documents/VNAV/lab3/install/tesse_ros_bridge:/opt/ros/jazzy:/home/har/Documents/VNAV/lab4/install/mav_visualization:/home/har/Documents/VNAV/lab4/install/mav_trajectory_generation:/home/har/Documents/VNAV/lab4/install/mav_comm:/home/har/Documents/VNAV/lab4/install/mav_system_msgs:/home/har/Documents/VNAV/lab4/install/mav_state_machine_msgs:/home/har/Documents/VNAV/lab4/install/mav_planning_msgs:/home/har/Documents/VNAV/lab4/install/controller_pkg:/home/har/Documents/VNAV/lab4/install/mav_msgs:/home/har/Documents/VNAV/lab3/install/two_drones_pkg:/home/har/Documents/VNAV/lab3/install/tesse_msgs:/home/har/Documents/VNAV/lab3/install/mav_comm:/home/har/Documents/VNAV/lab3/install/mav_system_msgs:/home/har/Documents/VNAV/lab3/install/mav_state_machine_msgs:/home/har/Documents/VNAV/lab3/install/mav_planning_msgs:/home/har/Documents/VNAV/lab3/install/controller_pkg:/home/har/Documents/VNAV/lab3/install/mav_msgs:/opt/ros/jazzy/opt/gz_math_vendor:/opt/ros/jazzy/opt/gz_utils_vendor:/opt/ros/jazzy/opt/gz_cmake_vendor DEBUGINFOD_URLS=https://debuginfod.ubuntu.com /usr/local/bin/cmake --install /home/har/Documents/Auto_drive/SR75/x86-c/build/vehicle_interface
[15.817s] Level 1:colcon.colcon_core.environment:create_environment_scripts_only(vehicle_interface)
[15.817s] Level 1:colcon.colcon_core.environment:checking '/home/har/Documents/Auto_drive/SR75/x86-c/install/vehicle_interface' for CMake module files
[15.818s] DEBUG:colcon.colcon_core.event_handler.log_command:Invoked command in '/home/har/Documents/Auto_drive/SR75/x86-c/build/vehicle_interface' returned '0': CMAKE_PREFIX_PATH=/home/har/Documents/Auto_drive/SR75/x86-c/install/vehicle_interface:/home/har/Documents/Auto_drive/SR75/x86-c/install/steering_can:/home/har/Documents/Auto_drive/SR75/x86-c/install/joystick_control:/home/har/Documents/VNAV/lab4/install/trajectory_generation:/home/har/Documents/VNAV/lab4/install/tesse_msgs:/home/har/Documents/VNAV/lab4/install/planner_pkg:/home/har/Documents/VNAV/lab4/install/tesse_ros_bridge:/home/har/Documents/VNAV/lab3/install/tesse_ros_bridge:/opt/ros/jazzy:/home/har/Documents/VNAV/lab4/install/mav_visualization:/home/har/Documents/VNAV/lab4/install/mav_trajectory_generation:/home/har/Documents/VNAV/lab4/install/mav_comm:/home/har/Documents/VNAV/lab4/install/mav_system_msgs:/home/har/Documents/VNAV/lab4/install/mav_state_machine_msgs:/home/har/Documents/VNAV/lab4/install/mav_planning_msgs:/home/har/Documents/VNAV/lab4/install/controller_pkg:/home/har/Documents/VNAV/lab4/install/mav_msgs:/home/har/Documents/VNAV/lab3/install/two_drones_pkg:/home/har/Documents/VNAV/lab3/install/tesse_msgs:/home/har/Documents/VNAV/lab3/install/mav_comm:/home/har/Documents/VNAV/lab3/install/mav_system_msgs:/home/har/Documents/VNAV/lab3/install/mav_state_machine_msgs:/home/har/Documents/VNAV/lab3/install/mav_planning_msgs:/home/har/Documents/VNAV/lab3/install/controller_pkg:/home/har/Documents/VNAV/lab3/install/mav_msgs:/opt/ros/jazzy/opt/gz_math_vendor:/opt/ros/jazzy/opt/gz_utils_vendor:/opt/ros/jazzy/opt/gz_cmake_vendor DEBUGINFOD_URLS=https://debuginfod.ubuntu.com /usr/local/bin/cmake --install /home/har/Documents/Auto_drive/SR75/x86-c/build/vehicle_interface
[15.819s] Level 1:colcon.colcon_core.environment:checking '/home/har/Documents/Auto_drive/SR75/x86-c/install/vehicle_interface' for CMake config files
[15.821s] Level 1:colcon.colcon_core.shell:create_environment_hook('vehicle_interface', 'cmake_prefix_path')
[15.821s] INFO:colcon.colcon_core.shell:Creating environment hook '/home/har/Documents/Auto_drive/SR75/x86-c/install/vehicle_interface/share/vehicle_interface/hook/cmake_prefix_path.ps1'
[15.823s] INFO:colcon.colcon_core.shell:Creating environment descriptor '/home/har/Documents/Auto_drive/SR75/x86-c/install/vehicle_interface/share/vehicle_interface/hook/cmake_prefix_path.dsv'
[15.824s] INFO:colcon.colcon_core.shell:Creating environment hook '/home/har/Documents/Auto_drive/SR75/x86-c/install/vehicle_interface/share/vehicle_interface/hook/cmake_prefix_path.sh'
[15.825s] Level 1:colcon.colcon_core.environment:checking '/home/har/Documents/Auto_drive/SR75/x86-c/install/vehicle_interface/lib'
[15.825s] Level 1:colcon.colcon_core.environment:checking '/home/har/Documents/Auto_drive/SR75/x86-c/install/vehicle_interface/bin'
[15.825s] Level 1:colcon.colcon_core.environment:checking '/home/har/Documents/Auto_drive/SR75/x86-c/install/vehicle_interface/lib/pkgconfig/vehicle_interface.pc'
[15.826s] Level 1:colcon.colcon_core.environment:checking '/home/har/Documents/Auto_drive/SR75/x86-c/install/vehicle_interface/lib/python3.12/site-packages'
[15.827s] Level 1:colcon.colcon_core.environment:checking '/home/har/Documents/Auto_drive/SR75/x86-c/install/vehicle_interface/bin'
[15.827s] INFO:colcon.colcon_core.shell:Creating package script '/home/har/Documents/Auto_drive/SR75/x86-c/install/vehicle_interface/share/vehicle_interface/package.ps1'
[15.829s] INFO:colcon.colcon_core.shell:Creating package descriptor '/home/har/Documents/Auto_drive/SR75/x86-c/install/vehicle_interface/share/vehicle_interface/package.dsv'
[15.830s] INFO:colcon.colcon_core.shell:Creating package script '/home/har/Documents/Auto_drive/SR75/x86-c/install/vehicle_interface/share/vehicle_interface/package.sh'
[15.831s] INFO:colcon.colcon_core.shell:Creating package script '/home/har/Documents/Auto_drive/SR75/x86-c/install/vehicle_interface/share/vehicle_interface/package.bash'
[15.832s] INFO:colcon.colcon_core.shell:Creating package script '/home/har/Documents/Auto_drive/SR75/x86-c/install/vehicle_interface/share/vehicle_interface/package.zsh'
[15.833s] Level 1:colcon.colcon_core.environment:create_file_with_runtime_dependencies(/home/har/Documents/Auto_drive/SR75/x86-c/install/vehicle_interface/share/colcon-core/packages/vehicle_interface)
[15.834s] Level 1:colcon.colcon_core.environment:create_environment_scripts_only(vehicle_interface)
[15.834s] Level 1:colcon.colcon_core.environment:checking '/home/har/Documents/Auto_drive/SR75/x86-c/install/vehicle_interface' for CMake module files
[15.837s] Level 1:colcon.colcon_core.environment:checking '/home/har/Documents/Auto_drive/SR75/x86-c/install/vehicle_interface' for CMake config files
[15.838s] Level 1:colcon.colcon_core.shell:create_environment_hook('vehicle_interface', 'cmake_prefix_path')
[15.838s] INFO:colcon.colcon_core.shell:Creating environment hook '/home/har/Documents/Auto_drive/SR75/x86-c/install/vehicle_interface/share/vehicle_interface/hook/cmake_prefix_path.ps1'
[15.839s] INFO:colcon.colcon_core.shell:Creating environment descriptor '/home/har/Documents/Auto_drive/SR75/x86-c/install/vehicle_interface/share/vehicle_interface/hook/cmake_prefix_path.dsv'
[15.840s] INFO:colcon.colcon_core.shell:Creating environment hook '/home/har/Documents/Auto_drive/SR75/x86-c/install/vehicle_interface/share/vehicle_interface/hook/cmake_prefix_path.sh'
[15.841s] Level 1:colcon.colcon_core.environment:checking '/home/har/Documents/Auto_drive/SR75/x86-c/install/vehicle_interface/lib'
[15.842s] Level 1:colcon.colcon_core.environment:checking '/home/har/Documents/Auto_drive/SR75/x86-c/install/vehicle_interface/bin'
[15.842s] Level 1:colcon.colcon_core.environment:checking '/home/har/Documents/Auto_drive/SR75/x86-c/install/vehicle_interface/lib/pkgconfig/vehicle_interface.pc'
[15.842s] Level 1:colcon.colcon_core.environment:checking '/home/har/Documents/Auto_drive/SR75/x86-c/install/vehicle_interface/lib/python3.12/site-packages'
[15.844s] Level 1:colcon.colcon_core.environment:checking '/home/har/Documents/Auto_drive/SR75/x86-c/install/vehicle_interface/bin'
[15.844s] INFO:colcon.colcon_core.shell:Creating package script '/home/har/Documents/Auto_drive/SR75/x86-c/install/vehicle_interface/share/vehicle_interface/package.ps1'
[15.846s] INFO:colcon.colcon_core.shell:Creating package descriptor '/home/har/Documents/Auto_drive/SR75/x86-c/install/vehicle_interface/share/vehicle_interface/package.dsv'
[15.848s] INFO:colcon.colcon_core.shell:Creating package script '/home/har/Documents/Auto_drive/SR75/x86-c/install/vehicle_interface/share/vehicle_interface/package.sh'
[15.849s] INFO:colcon.colcon_core.shell:Creating package script '/home/har/Documents/Auto_drive/SR75/x86-c/install/vehicle_interface/share/vehicle_interface/package.bash'
[15.850s] INFO:colcon.colcon_core.shell:Creating package script '/home/har/Documents/Auto_drive/SR75/x86-c/install/vehicle_interface/share/vehicle_interface/package.zsh'
[15.852s] Level 1:colcon.colcon_core.environment:create_file_with_runtime_dependencies(/home/har/Documents/Auto_drive/SR75/x86-c/install/vehicle_interface/share/colcon-core/packages/vehicle_interface)
[15.852s] DEBUG:colcon.colcon_parallel_executor.executor.parallel:closing loop
[15.853s] DEBUG:colcon.colcon_parallel_executor.executor.parallel:loop closed
[15.853s] DEBUG:colcon.colcon_parallel_executor.executor.parallel:run_until_complete finished with '0'
[15.853s] DEBUG:colcon.colcon_core.event_reactor:joining thread
[15.876s] INFO:colcon.colcon_core.plugin_system:Skipping extension 'colcon_notification.desktop_notification.terminal_notifier': Not used on non-Darwin systems
[15.877s] INFO:colcon.colcon_core.plugin_system:Skipping extension 'colcon_notification.desktop_notification.win32': Not used on non-Windows systems
[15.877s] INFO:colcon.colcon_notification.desktop_notification:Sending desktop notification using 'notify2'
[15.890s] DEBUG:colcon.colcon_core.event_reactor:joined thread
[15.891s] INFO:colcon.colcon_core.shell:Creating prefix script '/home/har/Documents/Auto_drive/SR75/x86-c/install/local_setup.ps1'
[15.892s] INFO:colcon.colcon_core.shell:Creating prefix util module '/home/har/Documents/Auto_drive/SR75/x86-c/install/_local_setup_util_ps1.py'
[15.894s] INFO:colcon.colcon_core.shell:Creating prefix chain script '/home/har/Documents/Auto_drive/SR75/x86-c/install/setup.ps1'
[15.898s] INFO:colcon.colcon_core.shell:Creating prefix script '/home/har/Documents/Auto_drive/SR75/x86-c/install/local_setup.sh'
[15.899s] INFO:colcon.colcon_core.shell:Creating prefix util module '/home/har/Documents/Auto_drive/SR75/x86-c/install/_local_setup_util_sh.py'
[15.900s] INFO:colcon.colcon_core.shell:Creating prefix chain script '/home/har/Documents/Auto_drive/SR75/x86-c/install/setup.sh'
[15.903s] INFO:colcon.colcon_core.shell:Creating prefix script '/home/har/Documents/Auto_drive/SR75/x86-c/install/local_setup.bash'
[15.904s] INFO:colcon.colcon_core.shell:Creating prefix chain script '/home/har/Documents/Auto_drive/SR75/x86-c/install/setup.bash'
[15.907s] INFO:colcon.colcon_core.shell:Creating prefix script '/home/har/Documents/Auto_drive/SR75/x86-c/install/local_setup.zsh'
[15.908s] INFO:colcon.colcon_core.shell:Creating prefix chain script '/home/har/Documents/Auto_drive/SR75/x86-c/install/setup.zsh'
