[0.018s] Invoking command in '/home/har/Documents/Auto_drive/SR75/x86-c/build/vehicle_interface': CMAKE_PREFIX_PATH=/home/har/Documents/Auto_drive/SR75/x86-c/install/vehicle_interface:/home/har/Documents/Auto_drive/SR75/x86-c/install/steering_can:/home/har/Documents/Auto_drive/SR75/x86-c/install/joystick_control:/home/har/Documents/VNAV/lab4/install/trajectory_generation:/home/har/Documents/VNAV/lab4/install/tesse_msgs:/home/har/Documents/VNAV/lab4/install/planner_pkg:/home/har/Documents/VNAV/lab4/install/tesse_ros_bridge:/home/har/Documents/VNAV/lab3/install/tesse_ros_bridge:/opt/ros/jazzy:/home/har/Documents/VNAV/lab4/install/mav_visualization:/home/har/Documents/VNAV/lab4/install/mav_trajectory_generation:/home/har/Documents/VNAV/lab4/install/mav_comm:/home/har/Documents/VNAV/lab4/install/mav_system_msgs:/home/har/Documents/VNAV/lab4/install/mav_state_machine_msgs:/home/har/Documents/VNAV/lab4/install/mav_planning_msgs:/home/har/Documents/VNAV/lab4/install/controller_pkg:/home/har/Documents/VNAV/lab4/install/mav_msgs:/home/har/Documents/VNAV/lab3/install/two_drones_pkg:/home/har/Documents/VNAV/lab3/install/tesse_msgs:/home/har/Documents/VNAV/lab3/install/mav_comm:/home/har/Documents/VNAV/lab3/install/mav_system_msgs:/home/har/Documents/VNAV/lab3/install/mav_state_machine_msgs:/home/har/Documents/VNAV/lab3/install/mav_planning_msgs:/home/har/Documents/VNAV/lab3/install/controller_pkg:/home/har/Documents/VNAV/lab3/install/mav_msgs:/opt/ros/jazzy/opt/gz_math_vendor:/opt/ros/jazzy/opt/gz_utils_vendor:/opt/ros/jazzy/opt/gz_cmake_vendor DEBUGINFOD_URLS=https://debuginfod.ubuntu.com /usr/local/bin/cmake /home/har/Documents/Auto_drive/SR75/x86-c/src/vehicle_interface -DAMENT_CMAKE_SYMLINK_INSTALL=1 -DCMAKE_INSTALL_PREFIX=/home/har/Documents/Auto_drive/SR75/x86-c/install/vehicle_interface
[0.244s] -- The C compiler identification is GNU 13.3.0
[0.310s] -- The CXX compiler identification is GNU 13.3.0
[0.344s] -- Detecting C compiler ABI info
[0.438s] -- Detecting C compiler ABI info - done
[0.473s] -- Check for working C compiler: /usr/bin/cc - skipped
[0.474s] -- Detecting C compile features
[0.475s] -- Detecting C compile features - done
[0.484s] -- Detecting CXX compiler ABI info
[0.574s] -- Detecting CXX compiler ABI info - done
[0.595s] -- Check for working CXX compiler: /usr/bin/c++ - skipped
[0.595s] -- Detecting CXX compile features
[0.596s] -- Detecting CXX compile features - done
[0.642s] -- Found ament_cmake: 2.5.4 (/opt/ros/jazzy/share/ament_cmake/cmake)
[0.998s] -- Found Python3: /usr/bin/python3 (found version "3.12.3") found components: Interpreter
[1.263s] -- Override CMake install command with custom implementation using symlinks instead of copying resources
[1.612s] -- Found ament_index_cpp: 1.8.1 (/opt/ros/jazzy/share/ament_index_cpp/cmake)
[1.645s] -- Found Unwind: /usr/include/x86_64-linux-gnu (found suitable version "1.6.2", minimum required is "1.6.2")
[1.686s] -- Found rclcpp: 28.1.13 (/opt/ros/jazzy/share/rclcpp/cmake)
[2.066s] -- Found rosidl_generator_c: 4.6.6 (/opt/ros/jazzy/share/rosidl_generator_c/cmake)
[2.246s] -- Found rosidl_generator_cpp: 4.6.6 (/opt/ros/jazzy/share/rosidl_generator_cpp/cmake)
[2.414s] -- Using all available rosidl_typesupport_c: rosidl_typesupport_fastrtps_c;rosidl_typesupport_introspection_c
[2.501s] -- Using all available rosidl_typesupport_cpp: rosidl_typesupport_fastrtps_cpp;rosidl_typesupport_introspection_cpp
[2.925s] -- Found rmw_implementation_cmake: 7.3.2 (/opt/ros/jazzy/share/rmw_implementation_cmake/cmake)
[2.969s] -- Found rmw_fastrtps_cpp: 8.4.3 (/opt/ros/jazzy/share/rmw_fastrtps_cpp/cmake)
[3.358s] -- Found OpenSSL: /usr/lib/x86_64-linux-gnu/libcrypto.so (found version "3.0.13")
[3.473s] -- Found FastRTPS: /opt/ros/jazzy/include (Required is at least version "2.13")
[3.514s] -- Using RMW implementation 'rmw_fastrtps_cpp' as default
[3.691s] -- Found sensor_msgs: 5.3.6 (/opt/ros/jazzy/share/sensor_msgs/cmake)
[3.983s] -- Configuring done (4.0s)
[3.996s] -- Generating done (0.0s)
[4.000s] -- Build files have been written to: /home/har/Documents/Auto_drive/SR75/x86-c/build/vehicle_interface
[4.010s] Invoked command in '/home/har/Documents/Auto_drive/SR75/x86-c/build/vehicle_interface' returned '0': CMAKE_PREFIX_PATH=/home/har/Documents/Auto_drive/SR75/x86-c/install/vehicle_interface:/home/har/Documents/Auto_drive/SR75/x86-c/install/steering_can:/home/har/Documents/Auto_drive/SR75/x86-c/install/joystick_control:/home/har/Documents/VNAV/lab4/install/trajectory_generation:/home/har/Documents/VNAV/lab4/install/tesse_msgs:/home/har/Documents/VNAV/lab4/install/planner_pkg:/home/har/Documents/VNAV/lab4/install/tesse_ros_bridge:/home/har/Documents/VNAV/lab3/install/tesse_ros_bridge:/opt/ros/jazzy:/home/har/Documents/VNAV/lab4/install/mav_visualization:/home/har/Documents/VNAV/lab4/install/mav_trajectory_generation:/home/har/Documents/VNAV/lab4/install/mav_comm:/home/har/Documents/VNAV/lab4/install/mav_system_msgs:/home/har/Documents/VNAV/lab4/install/mav_state_machine_msgs:/home/har/Documents/VNAV/lab4/install/mav_planning_msgs:/home/har/Documents/VNAV/lab4/install/controller_pkg:/home/har/Documents/VNAV/lab4/install/mav_msgs:/home/har/Documents/VNAV/lab3/install/two_drones_pkg:/home/har/Documents/VNAV/lab3/install/tesse_msgs:/home/har/Documents/VNAV/lab3/install/mav_comm:/home/har/Documents/VNAV/lab3/install/mav_system_msgs:/home/har/Documents/VNAV/lab3/install/mav_state_machine_msgs:/home/har/Documents/VNAV/lab3/install/mav_planning_msgs:/home/har/Documents/VNAV/lab3/install/controller_pkg:/home/har/Documents/VNAV/lab3/install/mav_msgs:/opt/ros/jazzy/opt/gz_math_vendor:/opt/ros/jazzy/opt/gz_utils_vendor:/opt/ros/jazzy/opt/gz_cmake_vendor DEBUGINFOD_URLS=https://debuginfod.ubuntu.com /usr/local/bin/cmake /home/har/Documents/Auto_drive/SR75/x86-c/src/vehicle_interface -DAMENT_CMAKE_SYMLINK_INSTALL=1 -DCMAKE_INSTALL_PREFIX=/home/har/Documents/Auto_drive/SR75/x86-c/install/vehicle_interface
[4.011s] Invoking command in '/home/har/Documents/Auto_drive/SR75/x86-c/build/vehicle_interface': CMAKE_PREFIX_PATH=/home/har/Documents/Auto_drive/SR75/x86-c/install/vehicle_interface:/home/har/Documents/Auto_drive/SR75/x86-c/install/steering_can:/home/har/Documents/Auto_drive/SR75/x86-c/install/joystick_control:/home/har/Documents/VNAV/lab4/install/trajectory_generation:/home/har/Documents/VNAV/lab4/install/tesse_msgs:/home/har/Documents/VNAV/lab4/install/planner_pkg:/home/har/Documents/VNAV/lab4/install/tesse_ros_bridge:/home/har/Documents/VNAV/lab3/install/tesse_ros_bridge:/opt/ros/jazzy:/home/har/Documents/VNAV/lab4/install/mav_visualization:/home/har/Documents/VNAV/lab4/install/mav_trajectory_generation:/home/har/Documents/VNAV/lab4/install/mav_comm:/home/har/Documents/VNAV/lab4/install/mav_system_msgs:/home/har/Documents/VNAV/lab4/install/mav_state_machine_msgs:/home/har/Documents/VNAV/lab4/install/mav_planning_msgs:/home/har/Documents/VNAV/lab4/install/controller_pkg:/home/har/Documents/VNAV/lab4/install/mav_msgs:/home/har/Documents/VNAV/lab3/install/two_drones_pkg:/home/har/Documents/VNAV/lab3/install/tesse_msgs:/home/har/Documents/VNAV/lab3/install/mav_comm:/home/har/Documents/VNAV/lab3/install/mav_system_msgs:/home/har/Documents/VNAV/lab3/install/mav_state_machine_msgs:/home/har/Documents/VNAV/lab3/install/mav_planning_msgs:/home/har/Documents/VNAV/lab3/install/controller_pkg:/home/har/Documents/VNAV/lab3/install/mav_msgs:/opt/ros/jazzy/opt/gz_math_vendor:/opt/ros/jazzy/opt/gz_utils_vendor:/opt/ros/jazzy/opt/gz_cmake_vendor DEBUGINFOD_URLS=https://debuginfod.ubuntu.com /usr/local/bin/cmake --build /home/har/Documents/Auto_drive/SR75/x86-c/build/vehicle_interface -- -j16 -l16
[4.049s] [ 50%] [32mBuilding CXX object CMakeFiles/vehicle_interface_node.dir/vehicle_interface.cpp.o[0m
[13.900s] [100%] [32m[1mLinking CXX executable vehicle_interface_node[0m
[14.488s] [100%] Built target vehicle_interface_node
[15.203s] Invoked command in '/home/har/Documents/Auto_drive/SR75/x86-c/build/vehicle_interface' returned '0': CMAKE_PREFIX_PATH=/home/har/Documents/Auto_drive/SR75/x86-c/install/vehicle_interface:/home/har/Documents/Auto_drive/SR75/x86-c/install/steering_can:/home/har/Documents/Auto_drive/SR75/x86-c/install/joystick_control:/home/har/Documents/VNAV/lab4/install/trajectory_generation:/home/har/Documents/VNAV/lab4/install/tesse_msgs:/home/har/Documents/VNAV/lab4/install/planner_pkg:/home/har/Documents/VNAV/lab4/install/tesse_ros_bridge:/home/har/Documents/VNAV/lab3/install/tesse_ros_bridge:/opt/ros/jazzy:/home/har/Documents/VNAV/lab4/install/mav_visualization:/home/har/Documents/VNAV/lab4/install/mav_trajectory_generation:/home/har/Documents/VNAV/lab4/install/mav_comm:/home/har/Documents/VNAV/lab4/install/mav_system_msgs:/home/har/Documents/VNAV/lab4/install/mav_state_machine_msgs:/home/har/Documents/VNAV/lab4/install/mav_planning_msgs:/home/har/Documents/VNAV/lab4/install/controller_pkg:/home/har/Documents/VNAV/lab4/install/mav_msgs:/home/har/Documents/VNAV/lab3/install/two_drones_pkg:/home/har/Documents/VNAV/lab3/install/tesse_msgs:/home/har/Documents/VNAV/lab3/install/mav_comm:/home/har/Documents/VNAV/lab3/install/mav_system_msgs:/home/har/Documents/VNAV/lab3/install/mav_state_machine_msgs:/home/har/Documents/VNAV/lab3/install/mav_planning_msgs:/home/har/Documents/VNAV/lab3/install/controller_pkg:/home/har/Documents/VNAV/lab3/install/mav_msgs:/opt/ros/jazzy/opt/gz_math_vendor:/opt/ros/jazzy/opt/gz_utils_vendor:/opt/ros/jazzy/opt/gz_cmake_vendor DEBUGINFOD_URLS=https://debuginfod.ubuntu.com /usr/local/bin/cmake --build /home/har/Documents/Auto_drive/SR75/x86-c/build/vehicle_interface -- -j16 -l16
[15.205s] Invoking command in '/home/har/Documents/Auto_drive/SR75/x86-c/build/vehicle_interface': CMAKE_PREFIX_PATH=/home/har/Documents/Auto_drive/SR75/x86-c/install/vehicle_interface:/home/har/Documents/Auto_drive/SR75/x86-c/install/steering_can:/home/har/Documents/Auto_drive/SR75/x86-c/install/joystick_control:/home/har/Documents/VNAV/lab4/install/trajectory_generation:/home/har/Documents/VNAV/lab4/install/tesse_msgs:/home/har/Documents/VNAV/lab4/install/planner_pkg:/home/har/Documents/VNAV/lab4/install/tesse_ros_bridge:/home/har/Documents/VNAV/lab3/install/tesse_ros_bridge:/opt/ros/jazzy:/home/har/Documents/VNAV/lab4/install/mav_visualization:/home/har/Documents/VNAV/lab4/install/mav_trajectory_generation:/home/har/Documents/VNAV/lab4/install/mav_comm:/home/har/Documents/VNAV/lab4/install/mav_system_msgs:/home/har/Documents/VNAV/lab4/install/mav_state_machine_msgs:/home/har/Documents/VNAV/lab4/install/mav_planning_msgs:/home/har/Documents/VNAV/lab4/install/controller_pkg:/home/har/Documents/VNAV/lab4/install/mav_msgs:/home/har/Documents/VNAV/lab3/install/two_drones_pkg:/home/har/Documents/VNAV/lab3/install/tesse_msgs:/home/har/Documents/VNAV/lab3/install/mav_comm:/home/har/Documents/VNAV/lab3/install/mav_system_msgs:/home/har/Documents/VNAV/lab3/install/mav_state_machine_msgs:/home/har/Documents/VNAV/lab3/install/mav_planning_msgs:/home/har/Documents/VNAV/lab3/install/controller_pkg:/home/har/Documents/VNAV/lab3/install/mav_msgs:/opt/ros/jazzy/opt/gz_math_vendor:/opt/ros/jazzy/opt/gz_utils_vendor:/opt/ros/jazzy/opt/gz_cmake_vendor DEBUGINFOD_URLS=https://debuginfod.ubuntu.com /usr/local/bin/cmake --install /home/har/Documents/Auto_drive/SR75/x86-c/build/vehicle_interface
[15.214s] -- Install configuration: ""
[15.216s] -- Execute custom install script
[15.217s] -- Symlinking: /home/har/Documents/Auto_drive/SR75/x86-c/install/vehicle_interface/lib/vehicle_interface/vehicle_interface_node
[15.229s] -- Symlinking: /home/har/Documents/Auto_drive/SR75/x86-c/install/vehicle_interface/share/vehicle_interface/config/can_config.yaml
[15.240s] -- Symlinking: /home/har/Documents/Auto_drive/SR75/x86-c/install/vehicle_interface/lib/vehicle_interface/libcontrolcanfd.so
[15.252s] -- Symlinking: /home/har/Documents/Auto_drive/SR75/x86-c/install/vehicle_interface/share/ament_index/resource_index/package_run_dependencies/vehicle_interface
[15.263s] -- Symlinking: /home/har/Documents/Auto_drive/SR75/x86-c/install/vehicle_interface/share/ament_index/resource_index/parent_prefix_path/vehicle_interface
[15.273s] -- Symlinking: /home/har/Documents/Auto_drive/SR75/x86-c/install/vehicle_interface/share/vehicle_interface/environment/ament_prefix_path.sh
[15.282s] -- Symlinking: /home/har/Documents/Auto_drive/SR75/x86-c/install/vehicle_interface/share/vehicle_interface/environment/ament_prefix_path.dsv
[15.293s] -- Symlinking: /home/har/Documents/Auto_drive/SR75/x86-c/install/vehicle_interface/share/vehicle_interface/environment/path.sh
[15.302s] -- Symlinking: /home/har/Documents/Auto_drive/SR75/x86-c/install/vehicle_interface/share/vehicle_interface/environment/path.dsv
[15.310s] -- Symlinking: /home/har/Documents/Auto_drive/SR75/x86-c/install/vehicle_interface/share/vehicle_interface/local_setup.bash
[15.318s] -- Symlinking: /home/har/Documents/Auto_drive/SR75/x86-c/install/vehicle_interface/share/vehicle_interface/local_setup.sh
[15.326s] -- Symlinking: /home/har/Documents/Auto_drive/SR75/x86-c/install/vehicle_interface/share/vehicle_interface/local_setup.zsh
[15.334s] -- Symlinking: /home/har/Documents/Auto_drive/SR75/x86-c/install/vehicle_interface/share/vehicle_interface/local_setup.dsv
[15.342s] -- Symlinking: /home/har/Documents/Auto_drive/SR75/x86-c/install/vehicle_interface/share/vehicle_interface/package.dsv
[15.351s] -- Symlinking: /home/har/Documents/Auto_drive/SR75/x86-c/install/vehicle_interface/share/ament_index/resource_index/packages/vehicle_interface
[15.359s] -- Symlinking: /home/har/Documents/Auto_drive/SR75/x86-c/install/vehicle_interface/share/vehicle_interface/cmake/vehicle_interfaceConfig.cmake
[15.367s] -- Symlinking: /home/har/Documents/Auto_drive/SR75/x86-c/install/vehicle_interface/share/vehicle_interface/cmake/vehicle_interfaceConfig-version.cmake
[15.376s] -- Symlinking: /home/har/Documents/Auto_drive/SR75/x86-c/install/vehicle_interface/share/vehicle_interface/package.xml
[15.387s] Invoked command in '/home/har/Documents/Auto_drive/SR75/x86-c/build/vehicle_interface' returned '0': CMAKE_PREFIX_PATH=/home/har/Documents/Auto_drive/SR75/x86-c/install/vehicle_interface:/home/har/Documents/Auto_drive/SR75/x86-c/install/steering_can:/home/har/Documents/Auto_drive/SR75/x86-c/install/joystick_control:/home/har/Documents/VNAV/lab4/install/trajectory_generation:/home/har/Documents/VNAV/lab4/install/tesse_msgs:/home/har/Documents/VNAV/lab4/install/planner_pkg:/home/har/Documents/VNAV/lab4/install/tesse_ros_bridge:/home/har/Documents/VNAV/lab3/install/tesse_ros_bridge:/opt/ros/jazzy:/home/har/Documents/VNAV/lab4/install/mav_visualization:/home/har/Documents/VNAV/lab4/install/mav_trajectory_generation:/home/har/Documents/VNAV/lab4/install/mav_comm:/home/har/Documents/VNAV/lab4/install/mav_system_msgs:/home/har/Documents/VNAV/lab4/install/mav_state_machine_msgs:/home/har/Documents/VNAV/lab4/install/mav_planning_msgs:/home/har/Documents/VNAV/lab4/install/controller_pkg:/home/har/Documents/VNAV/lab4/install/mav_msgs:/home/har/Documents/VNAV/lab3/install/two_drones_pkg:/home/har/Documents/VNAV/lab3/install/tesse_msgs:/home/har/Documents/VNAV/lab3/install/mav_comm:/home/har/Documents/VNAV/lab3/install/mav_system_msgs:/home/har/Documents/VNAV/lab3/install/mav_state_machine_msgs:/home/har/Documents/VNAV/lab3/install/mav_planning_msgs:/home/har/Documents/VNAV/lab3/install/controller_pkg:/home/har/Documents/VNAV/lab3/install/mav_msgs:/opt/ros/jazzy/opt/gz_math_vendor:/opt/ros/jazzy/opt/gz_utils_vendor:/opt/ros/jazzy/opt/gz_cmake_vendor DEBUGINFOD_URLS=https://debuginfod.ubuntu.com /usr/local/bin/cmake --install /home/har/Documents/Auto_drive/SR75/x86-c/build/vehicle_interface
