[0.019s] Invoking command in '/home/har/Documents/Auto_drive/SR75/x86-c/build/steering_can': CMAKE_PREFIX_PATH=/home/har/Documents/Auto_drive/SR75/x86-c/install/vehicle_interface:/home/har/Documents/Auto_drive/SR75/x86-c/install/steering_can:/home/har/Documents/Auto_drive/SR75/x86-c/install/joystick_control:/home/har/Documents/VNAV/lab4/install/trajectory_generation:/home/har/Documents/VNAV/lab4/install/tesse_msgs:/home/har/Documents/VNAV/lab4/install/planner_pkg:/home/har/Documents/VNAV/lab4/install/tesse_ros_bridge:/home/har/Documents/VNAV/lab3/install/tesse_ros_bridge:/opt/ros/jazzy:/home/har/Documents/VNAV/lab4/install/mav_visualization:/home/har/Documents/VNAV/lab4/install/mav_trajectory_generation:/home/har/Documents/VNAV/lab4/install/mav_comm:/home/har/Documents/VNAV/lab4/install/mav_system_msgs:/home/har/Documents/VNAV/lab4/install/mav_state_machine_msgs:/home/har/Documents/VNAV/lab4/install/mav_planning_msgs:/home/har/Documents/VNAV/lab4/install/controller_pkg:/home/har/Documents/VNAV/lab4/install/mav_msgs:/home/har/Documents/VNAV/lab3/install/two_drones_pkg:/home/har/Documents/VNAV/lab3/install/tesse_msgs:/home/har/Documents/VNAV/lab3/install/mav_comm:/home/har/Documents/VNAV/lab3/install/mav_system_msgs:/home/har/Documents/VNAV/lab3/install/mav_state_machine_msgs:/home/har/Documents/VNAV/lab3/install/mav_planning_msgs:/home/har/Documents/VNAV/lab3/install/controller_pkg:/home/har/Documents/VNAV/lab3/install/mav_msgs:/opt/ros/jazzy/opt/gz_math_vendor:/opt/ros/jazzy/opt/gz_utils_vendor:/opt/ros/jazzy/opt/gz_cmake_vendor DEBUGINFOD_URLS=https://debuginfod.ubuntu.com /usr/local/bin/cmake /home/har/Documents/Auto_drive/SR75/x86-c/src/steering_can -DAMENT_CMAKE_SYMLINK_INSTALL=1 -DCMAKE_INSTALL_PREFIX=/home/har/Documents/Auto_drive/SR75/x86-c/install/steering_can
[0.259s] -- The C compiler identification is GNU 13.3.0
[0.320s] -- The CXX compiler identification is GNU 13.3.0
[0.348s] -- Detecting C compiler ABI info
[0.440s] -- Detecting C compiler ABI info - done
[0.457s] -- Check for working C compiler: /usr/bin/cc - skipped
[0.458s] -- Detecting C compile features
[0.459s] -- Detecting C compile features - done
[0.463s] -- Detecting CXX compiler ABI info
[0.566s] -- Detecting CXX compiler ABI info - done
[0.582s] -- Check for working CXX compiler: /usr/bin/c++ - skipped
[0.582s] -- Detecting CXX compile features
[0.583s] -- Detecting CXX compile features - done
[1.121s] -- Found Unwind: /usr/include/x86_64-linux-gnu (found suitable version "1.6.2", minimum required is "1.6.2")
[1.176s] -- Found ament_index_cpp: 1.8.1 (/opt/ros/jazzy/share/ament_index_cpp/cmake)
[1.221s] -- Found ament_cmake: 2.5.4 (/opt/ros/jazzy/share/ament_cmake/cmake)
[1.484s] -- Found Python3: /usr/bin/python3 (found version "3.12.3") found components: Interpreter
[1.566s] -- Override CMake install command with custom implementation using symlinks instead of copying resources
[1.691s] -- Found rclcpp: 28.1.13 (/opt/ros/jazzy/share/rclcpp/cmake)
[2.071s] -- Found rosidl_generator_c: 4.6.6 (/opt/ros/jazzy/share/rosidl_generator_c/cmake)
[2.251s] -- Found rosidl_generator_cpp: 4.6.6 (/opt/ros/jazzy/share/rosidl_generator_cpp/cmake)
[2.419s] -- Using all available rosidl_typesupport_c: rosidl_typesupport_fastrtps_c;rosidl_typesupport_introspection_c
[2.506s] -- Using all available rosidl_typesupport_cpp: rosidl_typesupport_fastrtps_cpp;rosidl_typesupport_introspection_cpp
[2.931s] -- Found rmw_implementation_cmake: 7.3.2 (/opt/ros/jazzy/share/rmw_implementation_cmake/cmake)
[2.975s] -- Found rmw_fastrtps_cpp: 8.4.3 (/opt/ros/jazzy/share/rmw_fastrtps_cpp/cmake)
[3.366s] -- Found OpenSSL: /usr/lib/x86_64-linux-gnu/libcrypto.so (found version "3.0.13")
[3.466s] -- Found FastRTPS: /opt/ros/jazzy/include (Required is at least version "2.13")
[3.491s] -- Using RMW implementation 'rmw_fastrtps_cpp' as default
[3.697s] -- Found sensor_msgs: 5.3.6 (/opt/ros/jazzy/share/sensor_msgs/cmake)
[3.994s] -- Configuring done (4.0s)
[4.008s] -- Generating done (0.0s)
[4.012s] -- Build files have been written to: /home/har/Documents/Auto_drive/SR75/x86-c/build/steering_can
[4.022s] Invoked command in '/home/har/Documents/Auto_drive/SR75/x86-c/build/steering_can' returned '0': CMAKE_PREFIX_PATH=/home/har/Documents/Auto_drive/SR75/x86-c/install/vehicle_interface:/home/har/Documents/Auto_drive/SR75/x86-c/install/steering_can:/home/har/Documents/Auto_drive/SR75/x86-c/install/joystick_control:/home/har/Documents/VNAV/lab4/install/trajectory_generation:/home/har/Documents/VNAV/lab4/install/tesse_msgs:/home/har/Documents/VNAV/lab4/install/planner_pkg:/home/har/Documents/VNAV/lab4/install/tesse_ros_bridge:/home/har/Documents/VNAV/lab3/install/tesse_ros_bridge:/opt/ros/jazzy:/home/har/Documents/VNAV/lab4/install/mav_visualization:/home/har/Documents/VNAV/lab4/install/mav_trajectory_generation:/home/har/Documents/VNAV/lab4/install/mav_comm:/home/har/Documents/VNAV/lab4/install/mav_system_msgs:/home/har/Documents/VNAV/lab4/install/mav_state_machine_msgs:/home/har/Documents/VNAV/lab4/install/mav_planning_msgs:/home/har/Documents/VNAV/lab4/install/controller_pkg:/home/har/Documents/VNAV/lab4/install/mav_msgs:/home/har/Documents/VNAV/lab3/install/two_drones_pkg:/home/har/Documents/VNAV/lab3/install/tesse_msgs:/home/har/Documents/VNAV/lab3/install/mav_comm:/home/har/Documents/VNAV/lab3/install/mav_system_msgs:/home/har/Documents/VNAV/lab3/install/mav_state_machine_msgs:/home/har/Documents/VNAV/lab3/install/mav_planning_msgs:/home/har/Documents/VNAV/lab3/install/controller_pkg:/home/har/Documents/VNAV/lab3/install/mav_msgs:/opt/ros/jazzy/opt/gz_math_vendor:/opt/ros/jazzy/opt/gz_utils_vendor:/opt/ros/jazzy/opt/gz_cmake_vendor DEBUGINFOD_URLS=https://debuginfod.ubuntu.com /usr/local/bin/cmake /home/har/Documents/Auto_drive/SR75/x86-c/src/steering_can -DAMENT_CMAKE_SYMLINK_INSTALL=1 -DCMAKE_INSTALL_PREFIX=/home/har/Documents/Auto_drive/SR75/x86-c/install/steering_can
[4.023s] Invoking command in '/home/har/Documents/Auto_drive/SR75/x86-c/build/steering_can': CMAKE_PREFIX_PATH=/home/har/Documents/Auto_drive/SR75/x86-c/install/vehicle_interface:/home/har/Documents/Auto_drive/SR75/x86-c/install/steering_can:/home/har/Documents/Auto_drive/SR75/x86-c/install/joystick_control:/home/har/Documents/VNAV/lab4/install/trajectory_generation:/home/har/Documents/VNAV/lab4/install/tesse_msgs:/home/har/Documents/VNAV/lab4/install/planner_pkg:/home/har/Documents/VNAV/lab4/install/tesse_ros_bridge:/home/har/Documents/VNAV/lab3/install/tesse_ros_bridge:/opt/ros/jazzy:/home/har/Documents/VNAV/lab4/install/mav_visualization:/home/har/Documents/VNAV/lab4/install/mav_trajectory_generation:/home/har/Documents/VNAV/lab4/install/mav_comm:/home/har/Documents/VNAV/lab4/install/mav_system_msgs:/home/har/Documents/VNAV/lab4/install/mav_state_machine_msgs:/home/har/Documents/VNAV/lab4/install/mav_planning_msgs:/home/har/Documents/VNAV/lab4/install/controller_pkg:/home/har/Documents/VNAV/lab4/install/mav_msgs:/home/har/Documents/VNAV/lab3/install/two_drones_pkg:/home/har/Documents/VNAV/lab3/install/tesse_msgs:/home/har/Documents/VNAV/lab3/install/mav_comm:/home/har/Documents/VNAV/lab3/install/mav_system_msgs:/home/har/Documents/VNAV/lab3/install/mav_state_machine_msgs:/home/har/Documents/VNAV/lab3/install/mav_planning_msgs:/home/har/Documents/VNAV/lab3/install/controller_pkg:/home/har/Documents/VNAV/lab3/install/mav_msgs:/opt/ros/jazzy/opt/gz_math_vendor:/opt/ros/jazzy/opt/gz_utils_vendor:/opt/ros/jazzy/opt/gz_cmake_vendor DEBUGINFOD_URLS=https://debuginfod.ubuntu.com /usr/local/bin/cmake --build /home/har/Documents/Auto_drive/SR75/x86-c/build/steering_can -- -j16 -l16
[4.069s] [ 50%] [32mBuilding CXX object CMakeFiles/steering_can_node.dir/main.cpp.o[0m
[5.334s] [100%] [32m[1mLinking CXX executable steering_can_node[0m
[5.477s] [100%] Built target steering_can_node
[5.943s] Invoked command in '/home/har/Documents/Auto_drive/SR75/x86-c/build/steering_can' returned '0': CMAKE_PREFIX_PATH=/home/har/Documents/Auto_drive/SR75/x86-c/install/vehicle_interface:/home/har/Documents/Auto_drive/SR75/x86-c/install/steering_can:/home/har/Documents/Auto_drive/SR75/x86-c/install/joystick_control:/home/har/Documents/VNAV/lab4/install/trajectory_generation:/home/har/Documents/VNAV/lab4/install/tesse_msgs:/home/har/Documents/VNAV/lab4/install/planner_pkg:/home/har/Documents/VNAV/lab4/install/tesse_ros_bridge:/home/har/Documents/VNAV/lab3/install/tesse_ros_bridge:/opt/ros/jazzy:/home/har/Documents/VNAV/lab4/install/mav_visualization:/home/har/Documents/VNAV/lab4/install/mav_trajectory_generation:/home/har/Documents/VNAV/lab4/install/mav_comm:/home/har/Documents/VNAV/lab4/install/mav_system_msgs:/home/har/Documents/VNAV/lab4/install/mav_state_machine_msgs:/home/har/Documents/VNAV/lab4/install/mav_planning_msgs:/home/har/Documents/VNAV/lab4/install/controller_pkg:/home/har/Documents/VNAV/lab4/install/mav_msgs:/home/har/Documents/VNAV/lab3/install/two_drones_pkg:/home/har/Documents/VNAV/lab3/install/tesse_msgs:/home/har/Documents/VNAV/lab3/install/mav_comm:/home/har/Documents/VNAV/lab3/install/mav_system_msgs:/home/har/Documents/VNAV/lab3/install/mav_state_machine_msgs:/home/har/Documents/VNAV/lab3/install/mav_planning_msgs:/home/har/Documents/VNAV/lab3/install/controller_pkg:/home/har/Documents/VNAV/lab3/install/mav_msgs:/opt/ros/jazzy/opt/gz_math_vendor:/opt/ros/jazzy/opt/gz_utils_vendor:/opt/ros/jazzy/opt/gz_cmake_vendor DEBUGINFOD_URLS=https://debuginfod.ubuntu.com /usr/local/bin/cmake --build /home/har/Documents/Auto_drive/SR75/x86-c/build/steering_can -- -j16 -l16
[5.945s] Invoking command in '/home/har/Documents/Auto_drive/SR75/x86-c/build/steering_can': CMAKE_PREFIX_PATH=/home/har/Documents/Auto_drive/SR75/x86-c/install/vehicle_interface:/home/har/Documents/Auto_drive/SR75/x86-c/install/steering_can:/home/har/Documents/Auto_drive/SR75/x86-c/install/joystick_control:/home/har/Documents/VNAV/lab4/install/trajectory_generation:/home/har/Documents/VNAV/lab4/install/tesse_msgs:/home/har/Documents/VNAV/lab4/install/planner_pkg:/home/har/Documents/VNAV/lab4/install/tesse_ros_bridge:/home/har/Documents/VNAV/lab3/install/tesse_ros_bridge:/opt/ros/jazzy:/home/har/Documents/VNAV/lab4/install/mav_visualization:/home/har/Documents/VNAV/lab4/install/mav_trajectory_generation:/home/har/Documents/VNAV/lab4/install/mav_comm:/home/har/Documents/VNAV/lab4/install/mav_system_msgs:/home/har/Documents/VNAV/lab4/install/mav_state_machine_msgs:/home/har/Documents/VNAV/lab4/install/mav_planning_msgs:/home/har/Documents/VNAV/lab4/install/controller_pkg:/home/har/Documents/VNAV/lab4/install/mav_msgs:/home/har/Documents/VNAV/lab3/install/two_drones_pkg:/home/har/Documents/VNAV/lab3/install/tesse_msgs:/home/har/Documents/VNAV/lab3/install/mav_comm:/home/har/Documents/VNAV/lab3/install/mav_system_msgs:/home/har/Documents/VNAV/lab3/install/mav_state_machine_msgs:/home/har/Documents/VNAV/lab3/install/mav_planning_msgs:/home/har/Documents/VNAV/lab3/install/controller_pkg:/home/har/Documents/VNAV/lab3/install/mav_msgs:/opt/ros/jazzy/opt/gz_math_vendor:/opt/ros/jazzy/opt/gz_utils_vendor:/opt/ros/jazzy/opt/gz_cmake_vendor DEBUGINFOD_URLS=https://debuginfod.ubuntu.com /usr/local/bin/cmake --install /home/har/Documents/Auto_drive/SR75/x86-c/build/steering_can
[5.949s] -- Install configuration: ""
[5.949s] -- Execute custom install script
[5.949s] -- Symlinking: /home/har/Documents/Auto_drive/SR75/x86-c/install/steering_can/lib/steering_can/steering_can_node
[5.959s] -- Symlinking: /home/har/Documents/Auto_drive/SR75/x86-c/install/steering_can/lib/steering_can/libcontrolcanfd.so
[5.967s] -- Symlinking: /home/har/Documents/Auto_drive/SR75/x86-c/install/steering_can/share/ament_index/resource_index/package_run_dependencies/steering_can
[5.972s] -- Symlinking: /home/har/Documents/Auto_drive/SR75/x86-c/install/steering_can/share/ament_index/resource_index/parent_prefix_path/steering_can
[5.976s] -- Symlinking: /home/har/Documents/Auto_drive/SR75/x86-c/install/steering_can/share/steering_can/environment/ament_prefix_path.sh
[5.981s] -- Symlinking: /home/har/Documents/Auto_drive/SR75/x86-c/install/steering_can/share/steering_can/environment/ament_prefix_path.dsv
[5.987s] -- Symlinking: /home/har/Documents/Auto_drive/SR75/x86-c/install/steering_can/share/steering_can/environment/path.sh
[5.992s] -- Symlinking: /home/har/Documents/Auto_drive/SR75/x86-c/install/steering_can/share/steering_can/environment/path.dsv
[5.997s] -- Symlinking: /home/har/Documents/Auto_drive/SR75/x86-c/install/steering_can/share/steering_can/local_setup.bash
[6.005s] -- Symlinking: /home/har/Documents/Auto_drive/SR75/x86-c/install/steering_can/share/steering_can/local_setup.sh
[6.010s] -- Symlinking: /home/har/Documents/Auto_drive/SR75/x86-c/install/steering_can/share/steering_can/local_setup.zsh
[6.015s] -- Symlinking: /home/har/Documents/Auto_drive/SR75/x86-c/install/steering_can/share/steering_can/local_setup.dsv
[6.019s] -- Symlinking: /home/har/Documents/Auto_drive/SR75/x86-c/install/steering_can/share/steering_can/package.dsv
[6.028s] -- Symlinking: /home/har/Documents/Auto_drive/SR75/x86-c/install/steering_can/share/ament_index/resource_index/packages/steering_can
[6.036s] -- Symlinking: /home/har/Documents/Auto_drive/SR75/x86-c/install/steering_can/share/steering_can/cmake/steering_canConfig.cmake
[6.041s] -- Symlinking: /home/har/Documents/Auto_drive/SR75/x86-c/install/steering_can/share/steering_can/cmake/steering_canConfig-version.cmake
[6.050s] -- Symlinking: /home/har/Documents/Auto_drive/SR75/x86-c/install/steering_can/share/steering_can/package.xml
[6.060s] Invoked command in '/home/har/Documents/Auto_drive/SR75/x86-c/build/steering_can' returned '0': CMAKE_PREFIX_PATH=/home/har/Documents/Auto_drive/SR75/x86-c/install/vehicle_interface:/home/har/Documents/Auto_drive/SR75/x86-c/install/steering_can:/home/har/Documents/Auto_drive/SR75/x86-c/install/joystick_control:/home/har/Documents/VNAV/lab4/install/trajectory_generation:/home/har/Documents/VNAV/lab4/install/tesse_msgs:/home/har/Documents/VNAV/lab4/install/planner_pkg:/home/har/Documents/VNAV/lab4/install/tesse_ros_bridge:/home/har/Documents/VNAV/lab3/install/tesse_ros_bridge:/opt/ros/jazzy:/home/har/Documents/VNAV/lab4/install/mav_visualization:/home/har/Documents/VNAV/lab4/install/mav_trajectory_generation:/home/har/Documents/VNAV/lab4/install/mav_comm:/home/har/Documents/VNAV/lab4/install/mav_system_msgs:/home/har/Documents/VNAV/lab4/install/mav_state_machine_msgs:/home/har/Documents/VNAV/lab4/install/mav_planning_msgs:/home/har/Documents/VNAV/lab4/install/controller_pkg:/home/har/Documents/VNAV/lab4/install/mav_msgs:/home/har/Documents/VNAV/lab3/install/two_drones_pkg:/home/har/Documents/VNAV/lab3/install/tesse_msgs:/home/har/Documents/VNAV/lab3/install/mav_comm:/home/har/Documents/VNAV/lab3/install/mav_system_msgs:/home/har/Documents/VNAV/lab3/install/mav_state_machine_msgs:/home/har/Documents/VNAV/lab3/install/mav_planning_msgs:/home/har/Documents/VNAV/lab3/install/controller_pkg:/home/har/Documents/VNAV/lab3/install/mav_msgs:/opt/ros/jazzy/opt/gz_math_vendor:/opt/ros/jazzy/opt/gz_utils_vendor:/opt/ros/jazzy/opt/gz_cmake_vendor DEBUGINFOD_URLS=https://debuginfod.ubuntu.com /usr/local/bin/cmake --install /home/har/Documents/Auto_drive/SR75/x86-c/build/steering_can
