-- The C compiler identification is GNU 13.3.0
-- The CXX compiler identification is GNU 13.3.0
-- Detecting C compiler ABI info
-- Detecting C compiler ABI info - done
-- Check for working C compiler: /usr/bin/cc - skipped
-- Detecting C compile features
-- Detecting C compile features - done
-- Detecting CXX compiler ABI info
-- Detecting CXX compiler ABI info - done
-- Check for working CXX compiler: /usr/bin/c++ - skipped
-- Detecting CXX compile features
-- Detecting CXX compile features - done
-- Found ament_cmake: 2.5.4 (/opt/ros/jazzy/share/ament_cmake/cmake)
-- Found Python3: /usr/bin/python3 (found version "3.12.3") found components: Interpreter
-- Override CMake install command with custom implementation using symlinks instead of copying resources
-- Configuring done (1.7s)
-- Generating done (0.0s)
-- Build files have been written to: /home/har/Documents/Auto_drive/SR75/x86-c/build/joystick_control
-- Install configuration: ""
-- Execute custom install script
-- Symlinking: /home/har/Documents/Auto_drive/SR75/x86-c/install/joystick_control/lib/joystick_control/joystick.py
-- Symlinking: /home/har/Documents/Auto_drive/SR75/x86-c/install/joystick_control/share/ament_index/resource_index/package_run_dependencies/joystick_control
-- Symlinking: /home/har/Documents/Auto_drive/SR75/x86-c/install/joystick_control/share/ament_index/resource_index/parent_prefix_path/joystick_control
-- Symlinking: /home/har/Documents/Auto_drive/SR75/x86-c/install/joystick_control/share/joystick_control/environment/ament_prefix_path.sh
-- Symlinking: /home/har/Documents/Auto_drive/SR75/x86-c/install/joystick_control/share/joystick_control/environment/ament_prefix_path.dsv
-- Symlinking: /home/har/Documents/Auto_drive/SR75/x86-c/install/joystick_control/share/joystick_control/environment/path.sh
-- Symlinking: /home/har/Documents/Auto_drive/SR75/x86-c/install/joystick_control/share/joystick_control/environment/path.dsv
-- Symlinking: /home/har/Documents/Auto_drive/SR75/x86-c/install/joystick_control/share/joystick_control/local_setup.bash
-- Symlinking: /home/har/Documents/Auto_drive/SR75/x86-c/install/joystick_control/share/joystick_control/local_setup.sh
-- Symlinking: /home/har/Documents/Auto_drive/SR75/x86-c/install/joystick_control/share/joystick_control/local_setup.zsh
-- Symlinking: /home/har/Documents/Auto_drive/SR75/x86-c/install/joystick_control/share/joystick_control/local_setup.dsv
-- Symlinking: /home/har/Documents/Auto_drive/SR75/x86-c/install/joystick_control/share/joystick_control/package.dsv
-- Symlinking: /home/har/Documents/Auto_drive/SR75/x86-c/install/joystick_control/share/ament_index/resource_index/packages/joystick_control
-- Symlinking: /home/har/Documents/Auto_drive/SR75/x86-c/install/joystick_control/share/joystick_control/cmake/joystick_controlConfig.cmake
-- Symlinking: /home/har/Documents/Auto_drive/SR75/x86-c/install/joystick_control/share/joystick_control/cmake/joystick_controlConfig-version.cmake
-- Symlinking: /home/har/Documents/Auto_drive/SR75/x86-c/install/joystick_control/share/joystick_control/package.xml
